Archive member included to satisfy reference by file (symbol)

../libopencm3/lib/libopencm3_stm32l0.a(rcc.o)
                              main.o (rcc_clock_setup_pll)
../libopencm3/lib/libopencm3_stm32l0.a(rcc_common_all.o)
                              ../libopencm3/lib/libopencm3_stm32l0.a(rcc.o) (rcc_periph_clock_enable)
../libopencm3/lib/libopencm3_stm32l0.a(vector.o)
                              (reset_handler)
../libopencm3/lib/libopencm3_stm32l0.a(systick.o)
                              zeroRTOS.o (systick_set_frequency)
../libopencm3/lib/libopencm3_stm32l0.a(assert.o)
                              ../libopencm3/lib/libopencm3_stm32l0.a(rcc.o) (cm3_assert_failed)
../libopencm3/lib/libopencm3_stm32l0.a(flash_common_all.o)
                              ../libopencm3/lib/libopencm3_stm32l0.a(rcc.o) (flash_prefetch_enable)
../libopencm3/lib/libopencm3_stm32l0.a(pwr_common_v2.o)
                              ../libopencm3/lib/libopencm3_stm32l0.a(rcc.o) (pwr_set_vos_scale)
/usr/lib/gcc/arm-none-eabi/15.2.0/thumb/v6-m/nofp/libgcc.a(_thumb1_case_uqi.o)
                              ../libopencm3/lib/libopencm3_stm32l0.a(rcc.o) (__gnu_thumb1_case_uqi)
/usr/lib/gcc/arm-none-eabi/15.2.0/thumb/v6-m/nofp/libgcc.a(_udivsi3.o)
                              ../libopencm3/lib/libopencm3_stm32l0.a(systick.o) (__aeabi_uidiv)
/usr/lib/gcc/arm-none-eabi/15.2.0/thumb/v6-m/nofp/libgcc.a(_dvmd_tls.o)
                              /usr/lib/gcc/arm-none-eabi/15.2.0/thumb/v6-m/nofp/libgcc.a(_udivsi3.o) (__aeabi_idiv0)

Discarded input sections

 .group         0x00000000        0xc main.o
 .group         0x00000000        0xc main.o
 .group         0x00000000        0xc main.o
 .group         0x00000000        0xc main.o
 .group         0x00000000        0xc main.o
 .group         0x00000000        0xc main.o
 .group         0x00000000        0xc main.o
 .group         0x00000000        0xc main.o
 .group         0x00000000        0xc main.o
 .group         0x00000000        0xc main.o
 .group         0x00000000        0xc main.o
 .group         0x00000000        0xc main.o
 .group         0x00000000        0xc main.o
 .group         0x00000000        0xc main.o
 .group         0x00000000        0xc main.o
 .group         0x00000000        0xc zeroRTOS.o
 .group         0x00000000        0xc zeroRTOS.o
 .group         0x00000000        0xc zeroRTOS.o
 .group         0x00000000        0xc zeroRTOS.o
 .group         0x00000000        0xc zeroRTOS.o
 .group         0x00000000        0xc zeroRTOS.o
 .group         0x00000000        0xc zeroRTOS.o
 .group         0x00000000        0xc zeroRTOS.o
 .group         0x00000000        0xc zeroRTOS.o
 .group         0x00000000        0xc zeroRTOS.o
 .group         0x00000000        0xc zeroRTOS.o
 .group         0x00000000        0xc zeroRTOS.o
 .group         0x00000000        0xc zeroRTOS.o
 .debug_macro   0x00000000      0xacc zeroRTOS.o
 .debug_macro   0x00000000       0x52 zeroRTOS.o
 .debug_macro   0x00000000       0x1c zeroRTOS.o
 .debug_macro   0x00000000       0x22 zeroRTOS.o
 .debug_macro   0x00000000       0x8e zeroRTOS.o
 .debug_macro   0x00000000       0x51 zeroRTOS.o
 .debug_macro   0x00000000      0x103 zeroRTOS.o
 .debug_macro   0x00000000       0x6a zeroRTOS.o
 .debug_macro   0x00000000      0x1df zeroRTOS.o
 .debug_macro   0x00000000       0x10 zeroRTOS.o
 .debug_macro   0x00000000       0xe8 zeroRTOS.o
 .group         0x00000000        0xc ../libopencm3/lib/libopencm3_stm32l0.a(rcc.o)
 .group         0x00000000        0xc ../libopencm3/lib/libopencm3_stm32l0.a(rcc.o)
 .group         0x00000000        0xc ../libopencm3/lib/libopencm3_stm32l0.a(rcc.o)
 .group         0x00000000        0xc ../libopencm3/lib/libopencm3_stm32l0.a(rcc.o)
 .group         0x00000000        0xc ../libopencm3/lib/libopencm3_stm32l0.a(rcc.o)
 .group         0x00000000        0xc ../libopencm3/lib/libopencm3_stm32l0.a(rcc.o)
 .group         0x00000000        0xc ../libopencm3/lib/libopencm3_stm32l0.a(rcc.o)
 .group         0x00000000        0xc ../libopencm3/lib/libopencm3_stm32l0.a(rcc.o)
 .group         0x00000000        0xc ../libopencm3/lib/libopencm3_stm32l0.a(rcc.o)
 .group         0x00000000        0xc ../libopencm3/lib/libopencm3_stm32l0.a(rcc.o)
 .group         0x00000000        0xc ../libopencm3/lib/libopencm3_stm32l0.a(rcc.o)
 .group         0x00000000        0xc ../libopencm3/lib/libopencm3_stm32l0.a(rcc.o)
 .group         0x00000000        0xc ../libopencm3/lib/libopencm3_stm32l0.a(rcc.o)
 .group         0x00000000        0xc ../libopencm3/lib/libopencm3_stm32l0.a(rcc.o)
 .group         0x00000000        0xc ../libopencm3/lib/libopencm3_stm32l0.a(rcc.o)
 .group         0x00000000        0xc ../libopencm3/lib/libopencm3_stm32l0.a(rcc.o)
 .group         0x00000000        0xc ../libopencm3/lib/libopencm3_stm32l0.a(rcc.o)
 .group         0x00000000        0xc ../libopencm3/lib/libopencm3_stm32l0.a(rcc.o)
 .debug_macro   0x00000000       0x1c ../libopencm3/lib/libopencm3_stm32l0.a(rcc.o)
 .debug_macro   0x00000000       0x22 ../libopencm3/lib/libopencm3_stm32l0.a(rcc.o)
 .debug_macro   0x00000000       0x51 ../libopencm3/lib/libopencm3_stm32l0.a(rcc.o)
 .debug_macro   0x00000000      0x103 ../libopencm3/lib/libopencm3_stm32l0.a(rcc.o)
 .debug_macro   0x00000000       0x6a ../libopencm3/lib/libopencm3_stm32l0.a(rcc.o)
 .debug_macro   0x00000000      0x1df ../libopencm3/lib/libopencm3_stm32l0.a(rcc.o)
 .debug_macro   0x00000000       0xe8 ../libopencm3/lib/libopencm3_stm32l0.a(rcc.o)
 .debug_macro   0x00000000       0x52 ../libopencm3/lib/libopencm3_stm32l0.a(rcc.o)
 .debug_macro   0x00000000      0x166 ../libopencm3/lib/libopencm3_stm32l0.a(rcc.o)
 .debug_macro   0x00000000       0x8e ../libopencm3/lib/libopencm3_stm32l0.a(rcc.o)
 .debug_macro   0x00000000       0x58 ../libopencm3/lib/libopencm3_stm32l0.a(rcc.o)
 .debug_macro   0x00000000      0x903 ../libopencm3/lib/libopencm3_stm32l0.a(rcc.o)
 .group         0x00000000        0xc ../libopencm3/lib/libopencm3_stm32l0.a(rcc_common_all.o)
 .group         0x00000000        0xc ../libopencm3/lib/libopencm3_stm32l0.a(rcc_common_all.o)
 .group         0x00000000        0xc ../libopencm3/lib/libopencm3_stm32l0.a(rcc_common_all.o)
 .group         0x00000000        0xc ../libopencm3/lib/libopencm3_stm32l0.a(rcc_common_all.o)
 .group         0x00000000        0xc ../libopencm3/lib/libopencm3_stm32l0.a(rcc_common_all.o)
 .group         0x00000000        0xc ../libopencm3/lib/libopencm3_stm32l0.a(rcc_common_all.o)
 .group         0x00000000        0xc ../libopencm3/lib/libopencm3_stm32l0.a(rcc_common_all.o)
 .group         0x00000000        0xc ../libopencm3/lib/libopencm3_stm32l0.a(rcc_common_all.o)
 .group         0x00000000        0xc ../libopencm3/lib/libopencm3_stm32l0.a(rcc_common_all.o)
 .group         0x00000000        0xc ../libopencm3/lib/libopencm3_stm32l0.a(rcc_common_all.o)
 .group         0x00000000        0xc ../libopencm3/lib/libopencm3_stm32l0.a(rcc_common_all.o)
 .group         0x00000000        0xc ../libopencm3/lib/libopencm3_stm32l0.a(rcc_common_all.o)
 .group         0x00000000        0xc ../libopencm3/lib/libopencm3_stm32l0.a(rcc_common_all.o)
 .group         0x00000000        0xc ../libopencm3/lib/libopencm3_stm32l0.a(rcc_common_all.o)
 .group         0x00000000        0xc ../libopencm3/lib/libopencm3_stm32l0.a(rcc_common_all.o)
 .debug_macro   0x00000000      0xab4 ../libopencm3/lib/libopencm3_stm32l0.a(rcc_common_all.o)
 .debug_macro   0x00000000       0x1c ../libopencm3/lib/libopencm3_stm32l0.a(rcc_common_all.o)
 .debug_macro   0x00000000       0x22 ../libopencm3/lib/libopencm3_stm32l0.a(rcc_common_all.o)
 .debug_macro   0x00000000       0x56 ../libopencm3/lib/libopencm3_stm32l0.a(rcc_common_all.o)
 .debug_macro   0x00000000       0x51 ../libopencm3/lib/libopencm3_stm32l0.a(rcc_common_all.o)
 .debug_macro   0x00000000      0x103 ../libopencm3/lib/libopencm3_stm32l0.a(rcc_common_all.o)
 .debug_macro   0x00000000       0x6a ../libopencm3/lib/libopencm3_stm32l0.a(rcc_common_all.o)
 .debug_macro   0x00000000      0x1df ../libopencm3/lib/libopencm3_stm32l0.a(rcc_common_all.o)
 .debug_macro   0x00000000       0x22 ../libopencm3/lib/libopencm3_stm32l0.a(rcc_common_all.o)
 .debug_macro   0x00000000       0xe8 ../libopencm3/lib/libopencm3_stm32l0.a(rcc_common_all.o)
 .debug_macro   0x00000000       0x52 ../libopencm3/lib/libopencm3_stm32l0.a(rcc_common_all.o)
 .debug_macro   0x00000000      0x166 ../libopencm3/lib/libopencm3_stm32l0.a(rcc_common_all.o)
 .debug_macro   0x00000000       0x8e ../libopencm3/lib/libopencm3_stm32l0.a(rcc_common_all.o)
 .debug_macro   0x00000000       0x58 ../libopencm3/lib/libopencm3_stm32l0.a(rcc_common_all.o)
 .debug_macro   0x00000000      0x903 ../libopencm3/lib/libopencm3_stm32l0.a(rcc_common_all.o)
 .group         0x00000000        0xc ../libopencm3/lib/libopencm3_stm32l0.a(vector.o)
 .group         0x00000000        0xc ../libopencm3/lib/libopencm3_stm32l0.a(vector.o)
 .group         0x00000000        0xc ../libopencm3/lib/libopencm3_stm32l0.a(vector.o)
 .group         0x00000000        0xc ../libopencm3/lib/libopencm3_stm32l0.a(vector.o)
 .group         0x00000000        0xc ../libopencm3/lib/libopencm3_stm32l0.a(vector.o)
 .group         0x00000000        0xc ../libopencm3/lib/libopencm3_stm32l0.a(vector.o)
 .group         0x00000000        0xc ../libopencm3/lib/libopencm3_stm32l0.a(vector.o)
 .group         0x00000000        0xc ../libopencm3/lib/libopencm3_stm32l0.a(vector.o)
 .group         0x00000000        0xc ../libopencm3/lib/libopencm3_stm32l0.a(vector.o)
 .group         0x00000000        0xc ../libopencm3/lib/libopencm3_stm32l0.a(vector.o)
 .group         0x00000000        0xc ../libopencm3/lib/libopencm3_stm32l0.a(vector.o)
 .group         0x00000000        0xc ../libopencm3/lib/libopencm3_stm32l0.a(vector.o)
 .group         0x00000000        0xc ../libopencm3/lib/libopencm3_stm32l0.a(vector.o)
 .group         0x00000000        0xc ../libopencm3/lib/libopencm3_stm32l0.a(vector.o)
 .debug_macro   0x00000000      0xab4 ../libopencm3/lib/libopencm3_stm32l0.a(vector.o)
 .debug_macro   0x00000000       0x52 ../libopencm3/lib/libopencm3_stm32l0.a(vector.o)
 .debug_macro   0x00000000       0x1c ../libopencm3/lib/libopencm3_stm32l0.a(vector.o)
 .debug_macro   0x00000000       0x22 ../libopencm3/lib/libopencm3_stm32l0.a(vector.o)
 .debug_macro   0x00000000       0x56 ../libopencm3/lib/libopencm3_stm32l0.a(vector.o)
 .debug_macro   0x00000000       0x51 ../libopencm3/lib/libopencm3_stm32l0.a(vector.o)
 .debug_macro   0x00000000      0x103 ../libopencm3/lib/libopencm3_stm32l0.a(vector.o)
 .debug_macro   0x00000000       0x6a ../libopencm3/lib/libopencm3_stm32l0.a(vector.o)
 .debug_macro   0x00000000      0x1df ../libopencm3/lib/libopencm3_stm32l0.a(vector.o)
 .debug_macro   0x00000000       0x22 ../libopencm3/lib/libopencm3_stm32l0.a(vector.o)
 .debug_macro   0x00000000       0xe8 ../libopencm3/lib/libopencm3_stm32l0.a(vector.o)
 .group         0x00000000        0xc ../libopencm3/lib/libopencm3_stm32l0.a(systick.o)
 .group         0x00000000        0xc ../libopencm3/lib/libopencm3_stm32l0.a(systick.o)
 .group         0x00000000        0xc ../libopencm3/lib/libopencm3_stm32l0.a(systick.o)
 .group         0x00000000        0xc ../libopencm3/lib/libopencm3_stm32l0.a(systick.o)
 .group         0x00000000        0xc ../libopencm3/lib/libopencm3_stm32l0.a(systick.o)
 .group         0x00000000        0xc ../libopencm3/lib/libopencm3_stm32l0.a(systick.o)
 .group         0x00000000        0xc ../libopencm3/lib/libopencm3_stm32l0.a(systick.o)
 .group         0x00000000        0xc ../libopencm3/lib/libopencm3_stm32l0.a(systick.o)
 .group         0x00000000        0xc ../libopencm3/lib/libopencm3_stm32l0.a(systick.o)
 .group         0x00000000        0xc ../libopencm3/lib/libopencm3_stm32l0.a(systick.o)
 .group         0x00000000        0xc ../libopencm3/lib/libopencm3_stm32l0.a(systick.o)
 .group         0x00000000        0xc ../libopencm3/lib/libopencm3_stm32l0.a(systick.o)
 .debug_macro   0x00000000      0xab4 ../libopencm3/lib/libopencm3_stm32l0.a(systick.o)
 .debug_macro   0x00000000       0x52 ../libopencm3/lib/libopencm3_stm32l0.a(systick.o)
 .debug_macro   0x00000000       0x1c ../libopencm3/lib/libopencm3_stm32l0.a(systick.o)
 .debug_macro   0x00000000       0x22 ../libopencm3/lib/libopencm3_stm32l0.a(systick.o)
 .debug_macro   0x00000000       0x56 ../libopencm3/lib/libopencm3_stm32l0.a(systick.o)
 .debug_macro   0x00000000       0x51 ../libopencm3/lib/libopencm3_stm32l0.a(systick.o)
 .debug_macro   0x00000000      0x103 ../libopencm3/lib/libopencm3_stm32l0.a(systick.o)
 .debug_macro   0x00000000       0x6a ../libopencm3/lib/libopencm3_stm32l0.a(systick.o)
 .debug_macro   0x00000000      0x1df ../libopencm3/lib/libopencm3_stm32l0.a(systick.o)
 .debug_macro   0x00000000       0x22 ../libopencm3/lib/libopencm3_stm32l0.a(systick.o)
 .debug_macro   0x00000000       0xe8 ../libopencm3/lib/libopencm3_stm32l0.a(systick.o)
 .debug_macro   0x00000000       0x69 ../libopencm3/lib/libopencm3_stm32l0.a(systick.o)
 .group         0x00000000        0xc ../libopencm3/lib/libopencm3_stm32l0.a(assert.o)
 .group         0x00000000        0xc ../libopencm3/lib/libopencm3_stm32l0.a(assert.o)
 .group         0x00000000        0xc ../libopencm3/lib/libopencm3_stm32l0.a(assert.o)
 .group         0x00000000        0xc ../libopencm3/lib/libopencm3_stm32l0.a(assert.o)
 .group         0x00000000        0xc ../libopencm3/lib/libopencm3_stm32l0.a(assert.o)
 .group         0x00000000        0xc ../libopencm3/lib/libopencm3_stm32l0.a(assert.o)
 .group         0x00000000        0xc ../libopencm3/lib/libopencm3_stm32l0.a(assert.o)
 .group         0x00000000        0xc ../libopencm3/lib/libopencm3_stm32l0.a(assert.o)
 .group         0x00000000        0xc ../libopencm3/lib/libopencm3_stm32l0.a(assert.o)
 .group         0x00000000        0xc ../libopencm3/lib/libopencm3_stm32l0.a(assert.o)
 .group         0x00000000        0xc ../libopencm3/lib/libopencm3_stm32l0.a(assert.o)
 .debug_macro   0x00000000      0xab4 ../libopencm3/lib/libopencm3_stm32l0.a(assert.o)
 .debug_macro   0x00000000       0x1c ../libopencm3/lib/libopencm3_stm32l0.a(assert.o)
 .debug_macro   0x00000000       0x22 ../libopencm3/lib/libopencm3_stm32l0.a(assert.o)
 .debug_macro   0x00000000       0x56 ../libopencm3/lib/libopencm3_stm32l0.a(assert.o)
 .debug_macro   0x00000000       0x51 ../libopencm3/lib/libopencm3_stm32l0.a(assert.o)
 .debug_macro   0x00000000      0x103 ../libopencm3/lib/libopencm3_stm32l0.a(assert.o)
 .debug_macro   0x00000000       0x6a ../libopencm3/lib/libopencm3_stm32l0.a(assert.o)
 .debug_macro   0x00000000      0x1df ../libopencm3/lib/libopencm3_stm32l0.a(assert.o)
 .debug_macro   0x00000000       0x22 ../libopencm3/lib/libopencm3_stm32l0.a(assert.o)
 .debug_macro   0x00000000       0xe8 ../libopencm3/lib/libopencm3_stm32l0.a(assert.o)
 .debug_macro   0x00000000       0x16 ../libopencm3/lib/libopencm3_stm32l0.a(assert.o)
 .group         0x00000000        0xc ../libopencm3/lib/libopencm3_stm32l0.a(flash_common_all.o)
 .group         0x00000000        0xc ../libopencm3/lib/libopencm3_stm32l0.a(flash_common_all.o)
 .group         0x00000000        0xc ../libopencm3/lib/libopencm3_stm32l0.a(flash_common_all.o)
 .group         0x00000000        0xc ../libopencm3/lib/libopencm3_stm32l0.a(flash_common_all.o)
 .group         0x00000000        0xc ../libopencm3/lib/libopencm3_stm32l0.a(flash_common_all.o)
 .group         0x00000000        0xc ../libopencm3/lib/libopencm3_stm32l0.a(flash_common_all.o)
 .group         0x00000000        0xc ../libopencm3/lib/libopencm3_stm32l0.a(flash_common_all.o)
 .group         0x00000000        0xc ../libopencm3/lib/libopencm3_stm32l0.a(flash_common_all.o)
 .group         0x00000000        0xc ../libopencm3/lib/libopencm3_stm32l0.a(flash_common_all.o)
 .group         0x00000000        0xc ../libopencm3/lib/libopencm3_stm32l0.a(flash_common_all.o)
 .group         0x00000000        0xc ../libopencm3/lib/libopencm3_stm32l0.a(flash_common_all.o)
 .group         0x00000000        0xc ../libopencm3/lib/libopencm3_stm32l0.a(flash_common_all.o)
 .group         0x00000000        0xc ../libopencm3/lib/libopencm3_stm32l0.a(flash_common_all.o)
 .group         0x00000000        0xc ../libopencm3/lib/libopencm3_stm32l0.a(flash_common_all.o)
 .debug_macro   0x00000000      0xab4 ../libopencm3/lib/libopencm3_stm32l0.a(flash_common_all.o)
 .debug_macro   0x00000000       0x1c ../libopencm3/lib/libopencm3_stm32l0.a(flash_common_all.o)
 .debug_macro   0x00000000       0x22 ../libopencm3/lib/libopencm3_stm32l0.a(flash_common_all.o)
 .debug_macro   0x00000000       0x56 ../libopencm3/lib/libopencm3_stm32l0.a(flash_common_all.o)
 .debug_macro   0x00000000       0x51 ../libopencm3/lib/libopencm3_stm32l0.a(flash_common_all.o)
 .debug_macro   0x00000000      0x103 ../libopencm3/lib/libopencm3_stm32l0.a(flash_common_all.o)
 .debug_macro   0x00000000       0x6a ../libopencm3/lib/libopencm3_stm32l0.a(flash_common_all.o)
 .debug_macro   0x00000000      0x1df ../libopencm3/lib/libopencm3_stm32l0.a(flash_common_all.o)
 .debug_macro   0x00000000       0x22 ../libopencm3/lib/libopencm3_stm32l0.a(flash_common_all.o)
 .debug_macro   0x00000000       0xe8 ../libopencm3/lib/libopencm3_stm32l0.a(flash_common_all.o)
 .debug_macro   0x00000000       0x52 ../libopencm3/lib/libopencm3_stm32l0.a(flash_common_all.o)
 .debug_macro   0x00000000      0x166 ../libopencm3/lib/libopencm3_stm32l0.a(flash_common_all.o)
 .debug_macro   0x00000000      0x166 ../libopencm3/lib/libopencm3_stm32l0.a(flash_common_all.o)
 .debug_macro   0x00000000       0x46 ../libopencm3/lib/libopencm3_stm32l0.a(flash_common_all.o)
 .group         0x00000000        0xc ../libopencm3/lib/libopencm3_stm32l0.a(pwr_common_v2.o)
 .group         0x00000000        0xc ../libopencm3/lib/libopencm3_stm32l0.a(pwr_common_v2.o)
 .group         0x00000000        0xc ../libopencm3/lib/libopencm3_stm32l0.a(pwr_common_v2.o)
 .group         0x00000000        0xc ../libopencm3/lib/libopencm3_stm32l0.a(pwr_common_v2.o)
 .group         0x00000000        0xc ../libopencm3/lib/libopencm3_stm32l0.a(pwr_common_v2.o)
 .group         0x00000000        0xc ../libopencm3/lib/libopencm3_stm32l0.a(pwr_common_v2.o)
 .group         0x00000000        0xc ../libopencm3/lib/libopencm3_stm32l0.a(pwr_common_v2.o)
 .group         0x00000000        0xc ../libopencm3/lib/libopencm3_stm32l0.a(pwr_common_v2.o)
 .group         0x00000000        0xc ../libopencm3/lib/libopencm3_stm32l0.a(pwr_common_v2.o)
 .group         0x00000000        0xc ../libopencm3/lib/libopencm3_stm32l0.a(pwr_common_v2.o)
 .group         0x00000000        0xc ../libopencm3/lib/libopencm3_stm32l0.a(pwr_common_v2.o)
 .group         0x00000000        0xc ../libopencm3/lib/libopencm3_stm32l0.a(pwr_common_v2.o)
 .group         0x00000000        0xc ../libopencm3/lib/libopencm3_stm32l0.a(pwr_common_v2.o)
 .group         0x00000000        0xc ../libopencm3/lib/libopencm3_stm32l0.a(pwr_common_v2.o)
 .group         0x00000000        0xc ../libopencm3/lib/libopencm3_stm32l0.a(pwr_common_v2.o)
 .debug_macro   0x00000000      0xab4 ../libopencm3/lib/libopencm3_stm32l0.a(pwr_common_v2.o)
 .debug_macro   0x00000000       0x1c ../libopencm3/lib/libopencm3_stm32l0.a(pwr_common_v2.o)
 .debug_macro   0x00000000       0x22 ../libopencm3/lib/libopencm3_stm32l0.a(pwr_common_v2.o)
 .debug_macro   0x00000000       0x56 ../libopencm3/lib/libopencm3_stm32l0.a(pwr_common_v2.o)
 .debug_macro   0x00000000       0x51 ../libopencm3/lib/libopencm3_stm32l0.a(pwr_common_v2.o)
 .debug_macro   0x00000000      0x103 ../libopencm3/lib/libopencm3_stm32l0.a(pwr_common_v2.o)
 .debug_macro   0x00000000       0x6a ../libopencm3/lib/libopencm3_stm32l0.a(pwr_common_v2.o)
 .debug_macro   0x00000000      0x1df ../libopencm3/lib/libopencm3_stm32l0.a(pwr_common_v2.o)
 .debug_macro   0x00000000       0x22 ../libopencm3/lib/libopencm3_stm32l0.a(pwr_common_v2.o)
 .debug_macro   0x00000000       0xe8 ../libopencm3/lib/libopencm3_stm32l0.a(pwr_common_v2.o)
 .debug_macro   0x00000000       0x52 ../libopencm3/lib/libopencm3_stm32l0.a(pwr_common_v2.o)
 .debug_macro   0x00000000      0x166 ../libopencm3/lib/libopencm3_stm32l0.a(pwr_common_v2.o)
 .debug_macro   0x00000000       0x8e ../libopencm3/lib/libopencm3_stm32l0.a(pwr_common_v2.o)
 .debug_macro   0x00000000       0x58 ../libopencm3/lib/libopencm3_stm32l0.a(pwr_common_v2.o)
 .debug_macro   0x00000000      0x903 ../libopencm3/lib/libopencm3_stm32l0.a(pwr_common_v2.o)

Memory Configuration

Name             Origin             Length             Attributes
ram              0x20000000         0x00005000         xrw
rom              0x08000000         0x00030000         xr
*default*        0x00000000         0xffffffff

Linker script and memory map

LOAD main.o
LOAD zeroRTOS.o
START GROUP
LOAD /usr/lib/gcc/arm-none-eabi/15.2.0/../../../../arm-none-eabi/lib/thumb/v6-m/nofp/libc.a
LOAD /usr/lib/gcc/arm-none-eabi/15.2.0/thumb/v6-m/nofp/libgcc.a
LOAD /usr/lib/gcc/arm-none-eabi/15.2.0/../../../../arm-none-eabi/lib/thumb/v6-m/nofp/libnosys.a
END GROUP
LOAD ../libopencm3/lib/libopencm3_stm32l0.a
START GROUP
LOAD /usr/lib/gcc/arm-none-eabi/15.2.0/thumb/v6-m/nofp/libgcc.a
LOAD /usr/lib/gcc/arm-none-eabi/15.2.0/../../../../arm-none-eabi/lib/thumb/v6-m/nofp/libc.a
END GROUP

.text           0x08000000      0xb3c
 *(.vectors)
 .vectors       0x08000000       0xc0 ../libopencm3/lib/libopencm3_stm32l0.a(vector.o)
                0x08000000                vector_table
 *(.text*)
 .text          0x080000c0       0x10 main.o
                0x080000c0                rcc_setup
 .text.startup  0x080000d0        0xe main.o
                0x080000d0                main
 *fill*         0x080000de        0x2 
 .text          0x080000e0       0x3c zeroRTOS.o
                0x080000e0                zeroRTOS_systick_setup
                0x080000fc                sys_tick_handler
                0x08000114                zeroRTOS_init
 .text          0x0800011c        0x0 ../libopencm3/lib/libopencm3_stm32l0.a(rcc.o)
 .text.rcc_uart_i2c_clksel_freq_hz
                0x0800011c       0x44 ../libopencm3/lib/libopencm3_stm32l0.a(rcc.o)
 .text.rcc_osc_on
                0x08000160       0x54 ../libopencm3/lib/libopencm3_stm32l0.a(rcc.o)
                0x08000160                rcc_osc_on
 .text.rcc_osc_off
                0x080001b4       0x5c ../libopencm3/lib/libopencm3_stm32l0.a(rcc.o)
                0x080001b4                rcc_osc_off
 .text.rcc_osc_ready_int_clear
                0x08000210       0x3c ../libopencm3/lib/libopencm3_stm32l0.a(rcc.o)
                0x08000210                rcc_osc_ready_int_clear
 .text.rcc_osc_ready_int_enable
                0x0800024c       0x3c ../libopencm3/lib/libopencm3_stm32l0.a(rcc.o)
                0x0800024c                rcc_osc_ready_int_enable
 .text.rcc_osc_ready_int_disable
                0x08000288       0x3c ../libopencm3/lib/libopencm3_stm32l0.a(rcc.o)
                0x08000288                rcc_osc_ready_int_disable
 .text.rcc_osc_ready_int_flag
                0x080002c4       0x4c ../libopencm3/lib/libopencm3_stm32l0.a(rcc.o)
                0x080002c4                rcc_osc_ready_int_flag
 .text.rcc_is_osc_ready
                0x08000310       0x54 ../libopencm3/lib/libopencm3_stm32l0.a(rcc.o)
                0x08000310                rcc_is_osc_ready
 .text.rcc_wait_for_osc_ready
                0x08000364       0x10 ../libopencm3/lib/libopencm3_stm32l0.a(rcc.o)
                0x08000364                rcc_wait_for_osc_ready
 .text.rcc_set_hsi48_source_rc48
                0x08000374       0x14 ../libopencm3/lib/libopencm3_stm32l0.a(rcc.o)
                0x08000374                rcc_set_hsi48_source_rc48
 .text.rcc_set_hsi48_source_pll
                0x08000388       0x14 ../libopencm3/lib/libopencm3_stm32l0.a(rcc.o)
                0x08000388                rcc_set_hsi48_source_pll
 .text.rcc_set_sysclk_source
                0x0800039c       0x48 ../libopencm3/lib/libopencm3_stm32l0.a(rcc.o)
                0x0800039c                rcc_set_sysclk_source
 .text.rcc_set_pll_multiplier
                0x080003e4       0x18 ../libopencm3/lib/libopencm3_stm32l0.a(rcc.o)
                0x080003e4                rcc_set_pll_multiplier
 .text.rcc_set_pll_divider
                0x080003fc       0x18 ../libopencm3/lib/libopencm3_stm32l0.a(rcc.o)
                0x080003fc                rcc_set_pll_divider
 .text.rcc_set_pll_source
                0x08000414       0x18 ../libopencm3/lib/libopencm3_stm32l0.a(rcc.o)
                0x08000414                rcc_set_pll_source
 .text.rcc_set_ppre1
                0x0800042c       0x18 ../libopencm3/lib/libopencm3_stm32l0.a(rcc.o)
                0x0800042c                rcc_set_ppre1
 .text.rcc_set_ppre2
                0x08000444       0x18 ../libopencm3/lib/libopencm3_stm32l0.a(rcc.o)
                0x08000444                rcc_set_ppre2
 .text.rcc_set_hpre
                0x0800045c       0x14 ../libopencm3/lib/libopencm3_stm32l0.a(rcc.o)
                0x0800045c                rcc_set_hpre
 .text.rcc_set_msi_range
                0x08000470       0x18 ../libopencm3/lib/libopencm3_stm32l0.a(rcc.o)
                0x08000470                rcc_set_msi_range
 .text.rcc_set_lptim1_sel
                0x08000488       0x1c ../libopencm3/lib/libopencm3_stm32l0.a(rcc.o)
                0x08000488                rcc_set_lptim1_sel
 .text.rcc_set_lpuart1_sel
                0x080004a4       0x1c ../libopencm3/lib/libopencm3_stm32l0.a(rcc.o)
                0x080004a4                rcc_set_lpuart1_sel
 .text.rcc_set_usart1_sel
                0x080004c0       0x18 ../libopencm3/lib/libopencm3_stm32l0.a(rcc.o)
                0x080004c0                rcc_set_usart1_sel
 .text.rcc_set_usart2_sel
                0x080004d8       0x18 ../libopencm3/lib/libopencm3_stm32l0.a(rcc.o)
                0x080004d8                rcc_set_usart2_sel
 .text.rcc_set_peripheral_clk_sel
                0x080004f0       0x6c ../libopencm3/lib/libopencm3_stm32l0.a(rcc.o)
                0x080004f0                rcc_set_peripheral_clk_sel
 .text.rcc_get_usart_clk_freq
                0x0800055c       0x38 ../libopencm3/lib/libopencm3_stm32l0.a(rcc.o)
                0x0800055c                rcc_get_usart_clk_freq
 .text.rcc_get_timer_clk_freq
                0x08000594       0x34 ../libopencm3/lib/libopencm3_stm32l0.a(rcc.o)
                0x08000594                rcc_get_timer_clk_freq
 .text.rcc_get_i2c_clk_freq
                0x080005c8       0x2c ../libopencm3/lib/libopencm3_stm32l0.a(rcc.o)
                0x080005c8                rcc_get_i2c_clk_freq
 .text.rcc_get_spi_clk_freq
                0x080005f4       0x1c ../libopencm3/lib/libopencm3_stm32l0.a(rcc.o)
                0x080005f4                rcc_get_spi_clk_freq
 .text.rcc_clock_setup_pll
                0x08000610       0xac ../libopencm3/lib/libopencm3_stm32l0.a(rcc.o)
                0x08000610                rcc_clock_setup_pll
 .text          0x080006bc        0x0 ../libopencm3/lib/libopencm3_stm32l0.a(rcc_common_all.o)
 .text.rcc_peripheral_enable_clock
                0x080006bc        0x8 ../libopencm3/lib/libopencm3_stm32l0.a(rcc_common_all.o)
                0x080006bc                rcc_peripheral_enable_clock
 .text.rcc_peripheral_disable_clock
                0x080006c4        0x8 ../libopencm3/lib/libopencm3_stm32l0.a(rcc_common_all.o)
                0x080006c4                rcc_peripheral_disable_clock
 .text.rcc_peripheral_reset
                0x080006cc        0x8 ../libopencm3/lib/libopencm3_stm32l0.a(rcc_common_all.o)
                0x080006cc                rcc_peripheral_reset
 .text.rcc_peripheral_clear_reset
                0x080006d4        0x8 ../libopencm3/lib/libopencm3_stm32l0.a(rcc_common_all.o)
                0x080006d4                rcc_peripheral_clear_reset
 .text.rcc_periph_clock_enable
                0x080006dc       0x1c ../libopencm3/lib/libopencm3_stm32l0.a(rcc_common_all.o)
                0x080006dc                rcc_periph_clock_enable
 .text.rcc_periph_clock_disable
                0x080006f8       0x1c ../libopencm3/lib/libopencm3_stm32l0.a(rcc_common_all.o)
                0x080006f8                rcc_periph_clock_disable
 .text.rcc_periph_reset_pulse
                0x08000714       0x20 ../libopencm3/lib/libopencm3_stm32l0.a(rcc_common_all.o)
                0x08000714                rcc_periph_reset_pulse
 .text.rcc_periph_reset_hold
                0x08000734        0x8 ../libopencm3/lib/libopencm3_stm32l0.a(rcc_common_all.o)
                0x08000734                rcc_periph_reset_hold
 .text.rcc_periph_reset_release
                0x0800073c        0x8 ../libopencm3/lib/libopencm3_stm32l0.a(rcc_common_all.o)
                0x0800073c                rcc_periph_reset_release
 .text.rcc_set_mco
                0x08000744       0x18 ../libopencm3/lib/libopencm3_stm32l0.a(rcc_common_all.o)
                0x08000744                rcc_set_mco
 .text.rcc_osc_bypass_enable
                0x0800075c       0x2c ../libopencm3/lib/libopencm3_stm32l0.a(rcc_common_all.o)
                0x0800075c                rcc_osc_bypass_enable
 .text.rcc_osc_bypass_disable
                0x08000788       0x30 ../libopencm3/lib/libopencm3_stm32l0.a(rcc_common_all.o)
                0x08000788                rcc_osc_bypass_disable
 .text.rcc_get_div_from_hpre
                0x080007b8       0x1a ../libopencm3/lib/libopencm3_stm32l0.a(rcc_common_all.o)
                0x080007b8                rcc_get_div_from_hpre
 .text          0x080007d2        0x0 ../libopencm3/lib/libopencm3_stm32l0.a(vector.o)
 .text.blocking_handler
                0x080007d2        0x2 ../libopencm3/lib/libopencm3_stm32l0.a(vector.o)
                0x080007d2                rtc_isr
                0x080007d2                tim7_isr
                0x080007d2                blocking_handler
                0x080007d2                tsc_isr
                0x080007d2                spi1_isr
                0x080007d2                i2c1_isr
                0x080007d2                i2c2_isr
                0x080007d2                tim21_isr
                0x080007d2                usart1_isr
                0x080007d2                i2c3_isr
                0x080007d2                reserved4_isr
                0x080007d2                exti2_3_isr
                0x080007d2                lptim1_isr
                0x080007d2                pvd_isr
                0x080007d2                rcc_isr
                0x080007d2                flash_isr
                0x080007d2                hard_fault_handler
                0x080007d2                spi2_isr
                0x080007d2                lpuart1_aes_rng_isr
                0x080007d2                usb_isr
                0x080007d2                tim3_isr
                0x080007d2                usart2_isr
                0x080007d2                adc_comp_isr
                0x080007d2                dma1_channel1_isr
                0x080007d2                tim6_dac_isr
                0x080007d2                lcd_isr
                0x080007d2                dma1_channel2_3_isr
                0x080007d2                tim22_isr
                0x080007d2                exti4_15_isr
                0x080007d2                usart4_5_isr
                0x080007d2                wwdg_isr
                0x080007d2                tim2_isr
                0x080007d2                dma1_channel4_5_isr
                0x080007d2                exti0_1_isr
 .text.null_handler
                0x080007d4        0x2 ../libopencm3/lib/libopencm3_stm32l0.a(vector.o)
                0x080007d4                null_handler
                0x080007d4                sv_call_handler
                0x080007d4                pend_sv_handler
                0x080007d4                nmi_handler
 *fill*         0x080007d6        0x2 
 .text.reset_handler
                0x080007d8       0x88 ../libopencm3/lib/libopencm3_stm32l0.a(vector.o)
                0x080007d8                reset_handler
 .text          0x08000860        0x0 ../libopencm3/lib/libopencm3_stm32l0.a(systick.o)
 .text.systick_set_reload
                0x08000860       0x10 ../libopencm3/lib/libopencm3_stm32l0.a(systick.o)
                0x08000860                systick_set_reload
 .text.systick_get_reload
                0x08000870       0x10 ../libopencm3/lib/libopencm3_stm32l0.a(systick.o)
                0x08000870                systick_get_reload
 .text.systick_get_value
                0x08000880       0x10 ../libopencm3/lib/libopencm3_stm32l0.a(systick.o)
                0x08000880                systick_get_value
 .text.systick_set_clocksource
                0x08000890       0x14 ../libopencm3/lib/libopencm3_stm32l0.a(systick.o)
                0x08000890                systick_set_clocksource
 .text.systick_set_frequency
                0x080008a4       0x24 ../libopencm3/lib/libopencm3_stm32l0.a(systick.o)
                0x080008a4                systick_set_frequency
 .text.systick_interrupt_enable
                0x080008c8       0x10 ../libopencm3/lib/libopencm3_stm32l0.a(systick.o)
                0x080008c8                systick_interrupt_enable
 .text.systick_interrupt_disable
                0x080008d8       0x10 ../libopencm3/lib/libopencm3_stm32l0.a(systick.o)
                0x080008d8                systick_interrupt_disable
 .text.systick_counter_enable
                0x080008e8       0x10 ../libopencm3/lib/libopencm3_stm32l0.a(systick.o)
                0x080008e8                systick_counter_enable
 .text.systick_counter_disable
                0x080008f8       0x10 ../libopencm3/lib/libopencm3_stm32l0.a(systick.o)
                0x080008f8                systick_counter_disable
 .text.systick_get_countflag
                0x08000908       0x10 ../libopencm3/lib/libopencm3_stm32l0.a(systick.o)
                0x08000908                systick_get_countflag
 .text.systick_clear
                0x08000918        0xc ../libopencm3/lib/libopencm3_stm32l0.a(systick.o)
                0x08000918                systick_clear
 .text.systick_get_calib
                0x08000924       0x10 ../libopencm3/lib/libopencm3_stm32l0.a(systick.o)
                0x08000924                systick_get_calib
 .text          0x08000934        0x0 ../libopencm3/lib/libopencm3_stm32l0.a(assert.o)
 .text.cm3_assert_failed
                0x08000934        0x2 ../libopencm3/lib/libopencm3_stm32l0.a(assert.o)
                0x08000934                cm3_assert_failed
 .text.cm3_assert_failed_verbose
                0x08000936        0x6 ../libopencm3/lib/libopencm3_stm32l0.a(assert.o)
                0x08000936                cm3_assert_failed_verbose
 .text          0x0800093c        0x0 ../libopencm3/lib/libopencm3_stm32l0.a(flash_common_all.o)
 .text.flash_prefetch_enable
                0x0800093c       0x10 ../libopencm3/lib/libopencm3_stm32l0.a(flash_common_all.o)
                0x0800093c                flash_prefetch_enable
 .text.flash_prefetch_disable
                0x0800094c       0x10 ../libopencm3/lib/libopencm3_stm32l0.a(flash_common_all.o)
                0x0800094c                flash_prefetch_disable
 .text.flash_set_ws
                0x0800095c       0x14 ../libopencm3/lib/libopencm3_stm32l0.a(flash_common_all.o)
                0x0800095c                flash_set_ws
 .text.flash_unlock_option_bytes
                0x08000970       0x18 ../libopencm3/lib/libopencm3_stm32l0.a(flash_common_all.o)
                0x08000970                flash_unlock_option_bytes
 .text          0x08000988        0x0 ../libopencm3/lib/libopencm3_stm32l0.a(pwr_common_v2.o)
 .text.pwr_set_vos_scale
                0x08000988       0x34 ../libopencm3/lib/libopencm3_stm32l0.a(pwr_common_v2.o)
                0x08000988                pwr_set_vos_scale
 .text          0x080009bc       0x14 /usr/lib/gcc/arm-none-eabi/15.2.0/thumb/v6-m/nofp/libgcc.a(_thumb1_case_uqi.o)
                0x080009bc                __gnu_thumb1_case_uqi
 .text          0x080009d0      0x114 /usr/lib/gcc/arm-none-eabi/15.2.0/thumb/v6-m/nofp/libgcc.a(_udivsi3.o)
                0x080009d0                __udivsi3
                0x080009d0                __aeabi_uidiv
                0x08000adc                __aeabi_uidivmod
 .text          0x08000ae4        0x4 /usr/lib/gcc/arm-none-eabi/15.2.0/thumb/v6-m/nofp/libgcc.a(_dvmd_tls.o)
                0x08000ae4                __aeabi_ldiv0
                0x08000ae4                __aeabi_idiv0
                0x08000ae8                        . = ALIGN (0x4)
 *(.rodata*)
 .rodata.rcc_hsi_configs
                0x08000ae8       0x54 ../libopencm3/lib/libopencm3_stm32l0.a(rcc.o)
                0x08000ae8                rcc_hsi_configs
                0x08000b3c                        . = ALIGN (0x4)

.glue_7         0x08000b3c        0x0
 .glue_7        0x08000b3c        0x0 linker stubs

.glue_7t        0x08000b3c        0x0
 .glue_7t       0x08000b3c        0x0 linker stubs

.vfp11_veneer   0x08000b3c        0x0
 .vfp11_veneer  0x08000b3c        0x0 linker stubs

.v4_bx          0x08000b3c        0x0
 .v4_bx         0x08000b3c        0x0 linker stubs

.iplt           0x08000b3c        0x0
 .iplt          0x08000b3c        0x0 main.o

.rel.dyn        0x08000b3c        0x0
 .rel.iplt      0x08000b3c        0x0 main.o

.preinit_array  0x08000b3c        0x0
                0x08000b3c                        . = ALIGN (0x4)
                0x08000b3c                        __preinit_array_start = .
 *(.preinit_array)
                0x08000b3c                        __preinit_array_end = .

.init_array     0x08000b3c        0x0
                0x08000b3c                        . = ALIGN (0x4)
                0x08000b3c                        __init_array_start = .
 *(SORT_BY_NAME(.init_array.*))
 *(.init_array)
                0x08000b3c                        __init_array_end = .

.fini_array     0x08000b3c        0x0
                0x08000b3c                        . = ALIGN (0x4)
                0x08000b3c                        __fini_array_start = .
 *(.fini_array)
 *(SORT_BY_NAME(.fini_array.*))
                0x08000b3c                        __fini_array_end = .

.ARM.extab
 *(.ARM.extab*)

.ARM.exidx      0x08000b3c        0x0
                0x08000b3c                        __exidx_start = .
 *(.ARM.exidx*)
                0x08000b3c                        __exidx_end = .
                0x08000b3c                        . = ALIGN (0x4)
                0x08000b3c                        _etext = .

.noinit
 *(.noinit*)
                0x08000b3c                        . = ALIGN (0x4)

.data           0x20000000       0x14 load address 0x08000b3c
                0x20000000                        _data = .
 *(.data*)
 .data          0x20000000        0x0 main.o
 .data          0x20000000        0x8 zeroRTOS.o
                0x20000000                ticks
 .data          0x20000008        0x0 ../libopencm3/lib/libopencm3_stm32l0.a(rcc.o)
 .data.rcc_apb2_frequency
                0x20000008        0x4 ../libopencm3/lib/libopencm3_stm32l0.a(rcc.o)
                0x20000008                rcc_apb2_frequency
 .data.rcc_apb1_frequency
                0x2000000c        0x4 ../libopencm3/lib/libopencm3_stm32l0.a(rcc.o)
                0x2000000c                rcc_apb1_frequency
 .data.rcc_ahb_frequency
                0x20000010        0x4 ../libopencm3/lib/libopencm3_stm32l0.a(rcc.o)
                0x20000010                rcc_ahb_frequency
 .data          0x20000014        0x0 ../libopencm3/lib/libopencm3_stm32l0.a(rcc_common_all.o)
 .data          0x20000014        0x0 ../libopencm3/lib/libopencm3_stm32l0.a(vector.o)
 .data          0x20000014        0x0 ../libopencm3/lib/libopencm3_stm32l0.a(systick.o)
 .data          0x20000014        0x0 ../libopencm3/lib/libopencm3_stm32l0.a(assert.o)
 .data          0x20000014        0x0 ../libopencm3/lib/libopencm3_stm32l0.a(flash_common_all.o)
 .data          0x20000014        0x0 ../libopencm3/lib/libopencm3_stm32l0.a(pwr_common_v2.o)
 .data          0x20000014        0x0 /usr/lib/gcc/arm-none-eabi/15.2.0/thumb/v6-m/nofp/libgcc.a(_thumb1_case_uqi.o)
 .data          0x20000014        0x0 /usr/lib/gcc/arm-none-eabi/15.2.0/thumb/v6-m/nofp/libgcc.a(_udivsi3.o)
 .data          0x20000014        0x0 /usr/lib/gcc/arm-none-eabi/15.2.0/thumb/v6-m/nofp/libgcc.a(_dvmd_tls.o)
 *(.ramtext*)
                0x20000014                        . = ALIGN (0x4)
                0x20000014                        _edata = .
                0x08000b3c                        _data_loadaddr = LOADADDR (.data)

.igot.plt       0x20000014        0x0 load address 0x08000b50
 .igot.plt      0x20000014        0x0 main.o

.bss            0x20000014        0x0 load address 0x08000b50
 *(.bss*)
 .bss           0x20000014        0x0 main.o
 .bss           0x20000014        0x0 zeroRTOS.o
 .bss           0x20000014        0x0 ../libopencm3/lib/libopencm3_stm32l0.a(rcc.o)
 .bss           0x20000014        0x0 ../libopencm3/lib/libopencm3_stm32l0.a(rcc_common_all.o)
 .bss           0x20000014        0x0 ../libopencm3/lib/libopencm3_stm32l0.a(vector.o)
 .bss           0x20000014        0x0 ../libopencm3/lib/libopencm3_stm32l0.a(systick.o)
 .bss           0x20000014        0x0 ../libopencm3/lib/libopencm3_stm32l0.a(assert.o)
 .bss           0x20000014        0x0 ../libopencm3/lib/libopencm3_stm32l0.a(flash_common_all.o)
 .bss           0x20000014        0x0 ../libopencm3/lib/libopencm3_stm32l0.a(pwr_common_v2.o)
 .bss           0x20000014        0x0 /usr/lib/gcc/arm-none-eabi/15.2.0/thumb/v6-m/nofp/libgcc.a(_thumb1_case_uqi.o)
 .bss           0x20000014        0x0 /usr/lib/gcc/arm-none-eabi/15.2.0/thumb/v6-m/nofp/libgcc.a(_udivsi3.o)
 .bss           0x20000014        0x0 /usr/lib/gcc/arm-none-eabi/15.2.0/thumb/v6-m/nofp/libgcc.a(_dvmd_tls.o)
 *(COMMON)
                0x20000014                        . = ALIGN (0x4)
                0x20000014                        _ebss = .

/DISCARD/
 *(.eh_frame)
                0x20000014                        . = ALIGN (0x4)
                0x20000014                        end = .
                0x20005000                        PROVIDE (_stack = (ORIGIN (ram) + LENGTH (ram)))
OUTPUT(firmware.elf elf32-littlearm)
LOAD linker stubs

.debug_info     0x00000000     0x1edd
 .debug_info    0x00000000      0x246 main.o
 .debug_info    0x00000246      0x160 zeroRTOS.o
 .debug_info    0x000003a6      0xc63 ../libopencm3/lib/libopencm3_stm32l0.a(rcc.o)
 .debug_info    0x00001009      0x651 ../libopencm3/lib/libopencm3_stm32l0.a(rcc_common_all.o)
 .debug_info    0x0000165a      0x2c3 ../libopencm3/lib/libopencm3_stm32l0.a(vector.o)
 .debug_info    0x0000191d      0x23b ../libopencm3/lib/libopencm3_stm32l0.a(systick.o)
 .debug_info    0x00001b58      0x101 ../libopencm3/lib/libopencm3_stm32l0.a(assert.o)
 .debug_info    0x00001c59       0xf6 ../libopencm3/lib/libopencm3_stm32l0.a(flash_common_all.o)
 .debug_info    0x00001d4f       0xe3 ../libopencm3/lib/libopencm3_stm32l0.a(pwr_common_v2.o)
 .debug_info    0x00001e32       0x31 /usr/lib/gcc/arm-none-eabi/15.2.0/thumb/v6-m/nofp/libgcc.a(_thumb1_case_uqi.o)
 .debug_info    0x00001e63       0x3e /usr/lib/gcc/arm-none-eabi/15.2.0/thumb/v6-m/nofp/libgcc.a(_udivsi3.o)
 .debug_info    0x00001ea1       0x3c /usr/lib/gcc/arm-none-eabi/15.2.0/thumb/v6-m/nofp/libgcc.a(_dvmd_tls.o)

.debug_abbrev   0x00000000      0xbf3
 .debug_abbrev  0x00000000      0x136 main.o
 .debug_abbrev  0x00000136       0xf8 zeroRTOS.o
 .debug_abbrev  0x0000022e      0x362 ../libopencm3/lib/libopencm3_stm32l0.a(rcc.o)
 .debug_abbrev  0x00000590      0x174 ../libopencm3/lib/libopencm3_stm32l0.a(rcc_common_all.o)
 .debug_abbrev  0x00000704      0x149 ../libopencm3/lib/libopencm3_stm32l0.a(vector.o)
 .debug_abbrev  0x0000084d      0x168 ../libopencm3/lib/libopencm3_stm32l0.a(systick.o)
 .debug_abbrev  0x000009b5       0x94 ../libopencm3/lib/libopencm3_stm32l0.a(assert.o)
 .debug_abbrev  0x00000a49       0x9d ../libopencm3/lib/libopencm3_stm32l0.a(flash_common_all.o)
 .debug_abbrev  0x00000ae6       0x97 ../libopencm3/lib/libopencm3_stm32l0.a(pwr_common_v2.o)
 .debug_abbrev  0x00000b7d       0x28 /usr/lib/gcc/arm-none-eabi/15.2.0/thumb/v6-m/nofp/libgcc.a(_thumb1_case_uqi.o)
 .debug_abbrev  0x00000ba5       0x28 /usr/lib/gcc/arm-none-eabi/15.2.0/thumb/v6-m/nofp/libgcc.a(_udivsi3.o)
 .debug_abbrev  0x00000bcd       0x26 /usr/lib/gcc/arm-none-eabi/15.2.0/thumb/v6-m/nofp/libgcc.a(_dvmd_tls.o)

.debug_aranges  0x00000000      0x350
 .debug_aranges
                0x00000000       0x28 main.o
 .debug_aranges
                0x00000028       0x20 zeroRTOS.o
 .debug_aranges
                0x00000048      0x100 ../libopencm3/lib/libopencm3_stm32l0.a(rcc.o)
 .debug_aranges
                0x00000148       0x80 ../libopencm3/lib/libopencm3_stm32l0.a(rcc_common_all.o)
 .debug_aranges
                0x000001c8       0x30 ../libopencm3/lib/libopencm3_stm32l0.a(vector.o)
 .debug_aranges
                0x000001f8       0x78 ../libopencm3/lib/libopencm3_stm32l0.a(systick.o)
 .debug_aranges
                0x00000270       0x28 ../libopencm3/lib/libopencm3_stm32l0.a(assert.o)
 .debug_aranges
                0x00000298       0x38 ../libopencm3/lib/libopencm3_stm32l0.a(flash_common_all.o)
 .debug_aranges
                0x000002d0       0x20 ../libopencm3/lib/libopencm3_stm32l0.a(pwr_common_v2.o)
 .debug_aranges
                0x000002f0       0x20 /usr/lib/gcc/arm-none-eabi/15.2.0/thumb/v6-m/nofp/libgcc.a(_thumb1_case_uqi.o)
 .debug_aranges
                0x00000310       0x20 /usr/lib/gcc/arm-none-eabi/15.2.0/thumb/v6-m/nofp/libgcc.a(_udivsi3.o)
 .debug_aranges
                0x00000330       0x20 /usr/lib/gcc/arm-none-eabi/15.2.0/thumb/v6-m/nofp/libgcc.a(_dvmd_tls.o)

.debug_rnglists
                0x00000000      0x226
 .debug_rnglists
                0x00000000       0x19 main.o
 .debug_rnglists
                0x00000019       0xe0 ../libopencm3/lib/libopencm3_stm32l0.a(rcc.o)
 .debug_rnglists
                0x000000f9       0x5b ../libopencm3/lib/libopencm3_stm32l0.a(rcc_common_all.o)
 .debug_rnglists
                0x00000154       0x20 ../libopencm3/lib/libopencm3_stm32l0.a(vector.o)
 .debug_rnglists
                0x00000174       0x61 ../libopencm3/lib/libopencm3_stm32l0.a(systick.o)
 .debug_rnglists
                0x000001d5       0x19 ../libopencm3/lib/libopencm3_stm32l0.a(assert.o)
 .debug_rnglists
                0x000001ee       0x25 ../libopencm3/lib/libopencm3_stm32l0.a(flash_common_all.o)
 .debug_rnglists
                0x00000213       0x13 ../libopencm3/lib/libopencm3_stm32l0.a(pwr_common_v2.o)

.debug_macro    0x00000000     0x3313
 .debug_macro   0x00000000       0xea main.o
 .debug_macro   0x000000ea      0xacc main.o
 .debug_macro   0x00000bb6       0x1c main.o
 .debug_macro   0x00000bd2       0x22 main.o
 .debug_macro   0x00000bf4       0x8e main.o
 .debug_macro   0x00000c82       0x51 main.o
 .debug_macro   0x00000cd3      0x103 main.o
 .debug_macro   0x00000dd6       0x6a main.o
 .debug_macro   0x00000e40      0x1df main.o
 .debug_macro   0x0000101f       0x10 main.o
 .debug_macro   0x0000102f       0xe8 main.o
 .debug_macro   0x00001117       0x52 main.o
 .debug_macro   0x00001169      0x166 main.o
 .debug_macro   0x000012cf       0x8e main.o
 .debug_macro   0x0000135d       0x58 main.o
 .debug_macro   0x000013b5      0x903 main.o
 .debug_macro   0x00001cb8       0xa5 zeroRTOS.o
 .debug_macro   0x00001d5d       0x69 zeroRTOS.o
 .debug_macro   0x00001dc6       0x16 zeroRTOS.o
 .debug_macro   0x00001ddc      0x113 ../libopencm3/lib/libopencm3_stm32l0.a(rcc.o)
 .debug_macro   0x00001eef      0xab4 ../libopencm3/lib/libopencm3_stm32l0.a(rcc.o)
 .debug_macro   0x000029a3       0x56 ../libopencm3/lib/libopencm3_stm32l0.a(rcc.o)
 .debug_macro   0x000029f9       0x22 ../libopencm3/lib/libopencm3_stm32l0.a(rcc.o)
 .debug_macro   0x00002a1b       0x16 ../libopencm3/lib/libopencm3_stm32l0.a(rcc.o)
 .debug_macro   0x00002a31      0x166 ../libopencm3/lib/libopencm3_stm32l0.a(rcc.o)
 .debug_macro   0x00002b97       0x46 ../libopencm3/lib/libopencm3_stm32l0.a(rcc.o)
 .debug_macro   0x00002bdd       0xfa ../libopencm3/lib/libopencm3_stm32l0.a(rcc_common_all.o)
 .debug_macro   0x00002cd7       0xcf ../libopencm3/lib/libopencm3_stm32l0.a(vector.o)
 .debug_macro   0x00002da6      0x19f ../libopencm3/lib/libopencm3_stm32l0.a(vector.o)
 .debug_macro   0x00002f45       0x49 ../libopencm3/lib/libopencm3_stm32l0.a(vector.o)
 .debug_macro   0x00002f8e       0xca ../libopencm3/lib/libopencm3_stm32l0.a(vector.o)
 .debug_macro   0x00003058       0x92 ../libopencm3/lib/libopencm3_stm32l0.a(systick.o)
 .debug_macro   0x000030ea       0x89 ../libopencm3/lib/libopencm3_stm32l0.a(assert.o)
 .debug_macro   0x00003173       0xbc ../libopencm3/lib/libopencm3_stm32l0.a(flash_common_all.o)
 .debug_macro   0x0000322f       0xe4 ../libopencm3/lib/libopencm3_stm32l0.a(pwr_common_v2.o)

.debug_line     0x00000000     0x22f7
 .debug_line    0x00000000      0x2b8 main.o
 .debug_line    0x000002b8      0x1f5 zeroRTOS.o
 .debug_line    0x000004ad      0xb25 ../libopencm3/lib/libopencm3_stm32l0.a(rcc.o)
 .debug_line    0x00000fd2      0x459 ../libopencm3/lib/libopencm3_stm32l0.a(rcc_common_all.o)
 .debug_line    0x0000142b      0x347 ../libopencm3/lib/libopencm3_stm32l0.a(vector.o)
 .debug_line    0x00001772      0x367 ../libopencm3/lib/libopencm3_stm32l0.a(systick.o)
 .debug_line    0x00001ad9      0x199 ../libopencm3/lib/libopencm3_stm32l0.a(assert.o)
 .debug_line    0x00001c72      0x2e2 ../libopencm3/lib/libopencm3_stm32l0.a(flash_common_all.o)
 .debug_line    0x00001f54      0x2b1 ../libopencm3/lib/libopencm3_stm32l0.a(pwr_common_v2.o)
 .debug_line    0x00002205       0x52 /usr/lib/gcc/arm-none-eabi/15.2.0/thumb/v6-m/nofp/libgcc.a(_thumb1_case_uqi.o)
 .debug_line    0x00002257       0x56 /usr/lib/gcc/arm-none-eabi/15.2.0/thumb/v6-m/nofp/libgcc.a(_udivsi3.o)
 .debug_line    0x000022ad       0x4a /usr/lib/gcc/arm-none-eabi/15.2.0/thumb/v6-m/nofp/libgcc.a(_dvmd_tls.o)

.debug_str      0x00000000     0xa271
 .debug_str     0x00000000     0xa271 main.o
                               0x7733 (size before relaxing)
 .debug_str     0x0000a271        0x0 zeroRTOS.o
                               0x4572 (size before relaxing)
 .debug_str     0x0000a271        0x0 ../libopencm3/lib/libopencm3_stm32l0.a(rcc.o)
                               0x8706 (size before relaxing)
 .debug_str     0x0000a271        0x0 ../libopencm3/lib/libopencm3_stm32l0.a(rcc_common_all.o)
                               0x7b8d (size before relaxing)
 .debug_str     0x0000a271        0x0 ../libopencm3/lib/libopencm3_stm32l0.a(vector.o)
                               0x5448 (size before relaxing)
 .debug_str     0x0000a271        0x0 ../libopencm3/lib/libopencm3_stm32l0.a(systick.o)
                               0x454b (size before relaxing)
 .debug_str     0x0000a271        0x0 ../libopencm3/lib/libopencm3_stm32l0.a(assert.o)
                               0x4168 (size before relaxing)
 .debug_str     0x0000a271        0x0 ../libopencm3/lib/libopencm3_stm32l0.a(flash_common_all.o)
                               0x548e (size before relaxing)
 .debug_str     0x0000a271        0x0 ../libopencm3/lib/libopencm3_stm32l0.a(pwr_common_v2.o)
                               0x755e (size before relaxing)
 .debug_str     0x0000a271        0x0 /usr/lib/gcc/arm-none-eabi/15.2.0/thumb/v6-m/nofp/libgcc.a(_thumb1_case_uqi.o)
                                 0xe8 (size before relaxing)
 .debug_str     0x0000a271        0x0 /usr/lib/gcc/arm-none-eabi/15.2.0/thumb/v6-m/nofp/libgcc.a(_udivsi3.o)
                                 0xed (size before relaxing)
 .debug_str     0x0000a271        0x0 /usr/lib/gcc/arm-none-eabi/15.2.0/thumb/v6-m/nofp/libgcc.a(_dvmd_tls.o)
                                 0xee (size before relaxing)

.comment        0x00000000       0x23
 .comment       0x00000000       0x23 main.o
                                 0x24 (size before relaxing)
 .comment       0x00000023        0x0 zeroRTOS.o
                                 0x24 (size before relaxing)
 .comment       0x00000023        0x0 ../libopencm3/lib/libopencm3_stm32l0.a(rcc.o)
                                 0x24 (size before relaxing)
 .comment       0x00000023        0x0 ../libopencm3/lib/libopencm3_stm32l0.a(rcc_common_all.o)
                                 0x24 (size before relaxing)
 .comment       0x00000023        0x0 ../libopencm3/lib/libopencm3_stm32l0.a(vector.o)
                                 0x24 (size before relaxing)
 .comment       0x00000023        0x0 ../libopencm3/lib/libopencm3_stm32l0.a(systick.o)
                                 0x24 (size before relaxing)
 .comment       0x00000023        0x0 ../libopencm3/lib/libopencm3_stm32l0.a(assert.o)
                                 0x24 (size before relaxing)
 .comment       0x00000023        0x0 ../libopencm3/lib/libopencm3_stm32l0.a(flash_common_all.o)
                                 0x24 (size before relaxing)
 .comment       0x00000023        0x0 ../libopencm3/lib/libopencm3_stm32l0.a(pwr_common_v2.o)
                                 0x24 (size before relaxing)

.ARM.attributes
                0x00000000       0x2c
 .ARM.attributes
                0x00000000       0x2c main.o
 .ARM.attributes
                0x0000002c       0x2c zeroRTOS.o
 .ARM.attributes
                0x00000058       0x2c ../libopencm3/lib/libopencm3_stm32l0.a(rcc.o)
 .ARM.attributes
                0x00000084       0x2c ../libopencm3/lib/libopencm3_stm32l0.a(rcc_common_all.o)
 .ARM.attributes
                0x000000b0       0x2c ../libopencm3/lib/libopencm3_stm32l0.a(vector.o)
 .ARM.attributes
                0x000000dc       0x2c ../libopencm3/lib/libopencm3_stm32l0.a(systick.o)
 .ARM.attributes
                0x00000108       0x2c ../libopencm3/lib/libopencm3_stm32l0.a(assert.o)
 .ARM.attributes
                0x00000134       0x2c ../libopencm3/lib/libopencm3_stm32l0.a(flash_common_all.o)
 .ARM.attributes
                0x00000160       0x2c ../libopencm3/lib/libopencm3_stm32l0.a(pwr_common_v2.o)
 .ARM.attributes
                0x0000018c       0x1e /usr/lib/gcc/arm-none-eabi/15.2.0/thumb/v6-m/nofp/libgcc.a(_thumb1_case_uqi.o)
 .ARM.attributes
                0x000001aa       0x1e /usr/lib/gcc/arm-none-eabi/15.2.0/thumb/v6-m/nofp/libgcc.a(_udivsi3.o)
 .ARM.attributes
                0x000001c8       0x1e /usr/lib/gcc/arm-none-eabi/15.2.0/thumb/v6-m/nofp/libgcc.a(_dvmd_tls.o)

.debug_frame    0x00000000      0x5c8
 .debug_frame   0x00000000       0x40 main.o
 .debug_frame   0x00000040       0x5c zeroRTOS.o
 .debug_frame   0x0000009c      0x254 ../libopencm3/lib/libopencm3_stm32l0.a(rcc.o)
 .debug_frame   0x000002f0       0xf0 ../libopencm3/lib/libopencm3_stm32l0.a(rcc_common_all.o)
 .debug_frame   0x000003e0       0x48 ../libopencm3/lib/libopencm3_stm32l0.a(vector.o)
 .debug_frame   0x00000428       0xd8 ../libopencm3/lib/libopencm3_stm32l0.a(systick.o)
 .debug_frame   0x00000500       0x38 ../libopencm3/lib/libopencm3_stm32l0.a(assert.o)
 .debug_frame   0x00000538       0x50 ../libopencm3/lib/libopencm3_stm32l0.a(flash_common_all.o)
 .debug_frame   0x00000588       0x20 ../libopencm3/lib/libopencm3_stm32l0.a(pwr_common_v2.o)
 .debug_frame   0x000005a8       0x20 /usr/lib/gcc/arm-none-eabi/15.2.0/thumb/v6-m/nofp/libgcc.a(_udivsi3.o)

.debug_loclists
                0x00000000      0x821
 .debug_loclists
                0x00000000      0x56e ../libopencm3/lib/libopencm3_stm32l0.a(rcc.o)
 .debug_loclists
                0x0000056e       0xb4 ../libopencm3/lib/libopencm3_stm32l0.a(rcc_common_all.o)
 .debug_loclists
                0x00000622       0xa1 ../libopencm3/lib/libopencm3_stm32l0.a(vector.o)
 .debug_loclists
                0x000006c3       0x8e ../libopencm3/lib/libopencm3_stm32l0.a(systick.o)
 .debug_loclists
                0x00000751       0x80 ../libopencm3/lib/libopencm3_stm32l0.a(assert.o)
 .debug_loclists
                0x000007d1       0x1c ../libopencm3/lib/libopencm3_stm32l0.a(flash_common_all.o)
 .debug_loclists
                0x000007ed       0x34 ../libopencm3/lib/libopencm3_stm32l0.a(pwr_common_v2.o)

.debug_line_str
                0x00000000       0xc6
 .debug_line_str
                0x00000000       0xc6 /usr/lib/gcc/arm-none-eabi/15.2.0/thumb/v6-m/nofp/libgcc.a(_thumb1_case_uqi.o)
 .debug_line_str
                0x000000c6        0x0 /usr/lib/gcc/arm-none-eabi/15.2.0/thumb/v6-m/nofp/libgcc.a(_udivsi3.o)
                                 0xc6 (size before relaxing)
 .debug_line_str
                0x000000c6        0x0 /usr/lib/gcc/arm-none-eabi/15.2.0/thumb/v6-m/nofp/libgcc.a(_dvmd_tls.o)
                                 0xc6 (size before relaxing)
