Archive member included to satisfy reference by file (symbol)

/usr/lib/gcc/arm-none-eabi/15.2.0/../../../../arm-none-eabi/lib/thumb/v6-m/nofp/libc.a(libc_a-strcpy.o)
                              zeroRTOS_tasks.o (strcpy)
../libopencm3/lib/libopencm3_stm32l0.a(rcc.o)
                              main.o (rcc_clock_setup_pll)
../libopencm3/lib/libopencm3_stm32l0.a(rcc_common_all.o)
                              ../libopencm3/lib/libopencm3_stm32l0.a(rcc.o) (rcc_periph_clock_enable)
../libopencm3/lib/libopencm3_stm32l0.a(vector.o)
                              (reset_handler)
../libopencm3/lib/libopencm3_stm32l0.a(systick.o)
                              zeroRTOS.o (systick_set_frequency)
../libopencm3/lib/libopencm3_stm32l0.a(assert.o)
                              ../libopencm3/lib/libopencm3_stm32l0.a(rcc.o) (cm3_assert_failed)
../libopencm3/lib/libopencm3_stm32l0.a(flash_common_all.o)
                              ../libopencm3/lib/libopencm3_stm32l0.a(rcc.o) (flash_prefetch_enable)
../libopencm3/lib/libopencm3_stm32l0.a(pwr_common_v2.o)
                              ../libopencm3/lib/libopencm3_stm32l0.a(rcc.o) (pwr_set_vos_scale)
/usr/lib/gcc/arm-none-eabi/15.2.0/thumb/v6-m/nofp/libgcc.a(_thumb1_case_uqi.o)
                              ../libopencm3/lib/libopencm3_stm32l0.a(rcc.o) (__gnu_thumb1_case_uqi)
/usr/lib/gcc/arm-none-eabi/15.2.0/thumb/v6-m/nofp/libgcc.a(_udivsi3.o)
                              ../libopencm3/lib/libopencm3_stm32l0.a(systick.o) (__aeabi_uidiv)
/usr/lib/gcc/arm-none-eabi/15.2.0/thumb/v6-m/nofp/libgcc.a(_dvmd_tls.o)
                              /usr/lib/gcc/arm-none-eabi/15.2.0/thumb/v6-m/nofp/libgcc.a(_udivsi3.o) (__aeabi_idiv0)

Discarded input sections

 .group         0x00000000        0xc main.o
 .group         0x00000000        0xc main.o
 .group         0x00000000        0xc main.o
 .group         0x00000000        0xc main.o
 .group         0x00000000        0xc main.o
 .group         0x00000000        0xc main.o
 .group         0x00000000        0xc main.o
 .group         0x00000000        0xc main.o
 .group         0x00000000        0xc main.o
 .group         0x00000000        0xc main.o
 .group         0x00000000        0xc main.o
 .group         0x00000000        0xc main.o
 .group         0x00000000        0xc main.o
 .group         0x00000000        0xc main.o
 .group         0x00000000        0xc main.o
 .group         0x00000000        0xc main.o
 .group         0x00000000        0xc main.o
 .group         0x00000000        0xc main.o
 .group         0x00000000        0xc main.o
 .group         0x00000000        0xc main.o
 .group         0x00000000        0xc main.o
 .group         0x00000000        0xc main.o
 .group         0x00000000        0xc main.o
 .group         0x00000000        0xc main.o
 .group         0x00000000        0xc main.o
 .group         0x00000000        0xc main.o
 .group         0x00000000        0xc main.o
 .group         0x00000000        0xc main.o
 .group         0x00000000        0xc main.o
 .group         0x00000000        0xc main.o
 .group         0x00000000        0xc zeroRTOS.o
 .group         0x00000000        0xc zeroRTOS.o
 .group         0x00000000        0xc zeroRTOS.o
 .group         0x00000000        0xc zeroRTOS.o
 .group         0x00000000        0xc zeroRTOS.o
 .group         0x00000000        0xc zeroRTOS.o
 .group         0x00000000        0xc zeroRTOS.o
 .group         0x00000000        0xc zeroRTOS.o
 .group         0x00000000        0xc zeroRTOS.o
 .group         0x00000000        0xc zeroRTOS.o
 .group         0x00000000        0xc zeroRTOS.o
 .group         0x00000000        0xc zeroRTOS.o
 .group         0x00000000        0xc zeroRTOS.o
 .group         0x00000000        0xc zeroRTOS.o
 .debug_macro   0x00000000      0xacc zeroRTOS.o
 .debug_macro   0x00000000       0x52 zeroRTOS.o
 .debug_macro   0x00000000       0x1c zeroRTOS.o
 .debug_macro   0x00000000       0x22 zeroRTOS.o
 .debug_macro   0x00000000       0x8e zeroRTOS.o
 .debug_macro   0x00000000       0x51 zeroRTOS.o
 .debug_macro   0x00000000      0x103 zeroRTOS.o
 .debug_macro   0x00000000       0x6a zeroRTOS.o
 .debug_macro   0x00000000      0x1df zeroRTOS.o
 .debug_macro   0x00000000       0x10 zeroRTOS.o
 .debug_macro   0x00000000       0xe8 zeroRTOS.o
 .debug_macro   0x00000000       0x28 zeroRTOS.o
 .debug_macro   0x00000000      0x1a5 zeroRTOS.o
 .group         0x00000000        0xc zeroRTOS_tasks.o
 .group         0x00000000        0xc zeroRTOS_tasks.o
 .group         0x00000000        0xc zeroRTOS_tasks.o
 .group         0x00000000        0xc zeroRTOS_tasks.o
 .group         0x00000000        0xc zeroRTOS_tasks.o
 .group         0x00000000        0xc zeroRTOS_tasks.o
 .group         0x00000000        0xc zeroRTOS_tasks.o
 .group         0x00000000        0xc zeroRTOS_tasks.o
 .group         0x00000000        0xc zeroRTOS_tasks.o
 .group         0x00000000        0xc zeroRTOS_tasks.o
 .group         0x00000000        0xc zeroRTOS_tasks.o
 .group         0x00000000        0xc zeroRTOS_tasks.o
 .group         0x00000000        0xc zeroRTOS_tasks.o
 .group         0x00000000        0xc zeroRTOS_tasks.o
 .group         0x00000000        0xc zeroRTOS_tasks.o
 .group         0x00000000        0xc zeroRTOS_tasks.o
 .group         0x00000000        0xc zeroRTOS_tasks.o
 .group         0x00000000        0xc zeroRTOS_tasks.o
 .group         0x00000000        0xc zeroRTOS_tasks.o
 .group         0x00000000        0xc zeroRTOS_tasks.o
 .group         0x00000000        0xc zeroRTOS_tasks.o
 .group         0x00000000        0xc zeroRTOS_tasks.o
 .group         0x00000000        0xc zeroRTOS_tasks.o
 .debug_macro   0x00000000      0xacc zeroRTOS_tasks.o
 .debug_macro   0x00000000       0x22 zeroRTOS_tasks.o
 .debug_macro   0x00000000       0x8e zeroRTOS_tasks.o
 .debug_macro   0x00000000       0x51 zeroRTOS_tasks.o
 .debug_macro   0x00000000      0x103 zeroRTOS_tasks.o
 .debug_macro   0x00000000       0x6a zeroRTOS_tasks.o
 .debug_macro   0x00000000      0x1df zeroRTOS_tasks.o
 .debug_macro   0x00000000      0x1a5 zeroRTOS_tasks.o
 .debug_macro   0x00000000       0x10 zeroRTOS_tasks.o
 .debug_macro   0x00000000       0x6d zeroRTOS_tasks.o
 .debug_macro   0x00000000       0x24 zeroRTOS_tasks.o
 .debug_macro   0x00000000       0x3c zeroRTOS_tasks.o
 .debug_macro   0x00000000       0x34 zeroRTOS_tasks.o
 .debug_macro   0x00000000      0x364 zeroRTOS_tasks.o
 .debug_macro   0x00000000       0x16 zeroRTOS_tasks.o
 .debug_macro   0x00000000       0x4a zeroRTOS_tasks.o
 .debug_macro   0x00000000       0x34 zeroRTOS_tasks.o
 .debug_macro   0x00000000       0x10 zeroRTOS_tasks.o
 .debug_macro   0x00000000       0x58 zeroRTOS_tasks.o
 .debug_macro   0x00000000      0x1e5 zeroRTOS_tasks.o
 .debug_macro   0x00000000       0x10 zeroRTOS_tasks.o
 .debug_macro   0x00000000       0x3c zeroRTOS_tasks.o
 .debug_macro   0x00000000       0x28 zeroRTOS_tasks.o
 .group         0x00000000        0xc zeroRTOS_memory.o
 .group         0x00000000        0xc zeroRTOS_memory.o
 .group         0x00000000        0xc zeroRTOS_memory.o
 .group         0x00000000        0xc zeroRTOS_memory.o
 .group         0x00000000        0xc zeroRTOS_memory.o
 .group         0x00000000        0xc zeroRTOS_memory.o
 .group         0x00000000        0xc zeroRTOS_memory.o
 .group         0x00000000        0xc zeroRTOS_memory.o
 .group         0x00000000        0xc zeroRTOS_memory.o
 .group         0x00000000        0xc zeroRTOS_memory.o
 .debug_macro   0x00000000      0xacc zeroRTOS_memory.o
 .debug_macro   0x00000000       0x22 zeroRTOS_memory.o
 .debug_macro   0x00000000       0x8e zeroRTOS_memory.o
 .debug_macro   0x00000000       0x51 zeroRTOS_memory.o
 .debug_macro   0x00000000      0x103 zeroRTOS_memory.o
 .debug_macro   0x00000000       0x6a zeroRTOS_memory.o
 .debug_macro   0x00000000      0x1df zeroRTOS_memory.o
 .debug_macro   0x00000000      0x1a5 zeroRTOS_memory.o
 .debug_macro   0x00000000       0x10 zeroRTOS_memory.o
 .debug_macro   0x00000000       0x28 zeroRTOS_memory.o
 .group         0x00000000        0xc ../libopencm3/lib/libopencm3_stm32l0.a(rcc.o)
 .group         0x00000000        0xc ../libopencm3/lib/libopencm3_stm32l0.a(rcc.o)
 .group         0x00000000        0xc ../libopencm3/lib/libopencm3_stm32l0.a(rcc.o)
 .group         0x00000000        0xc ../libopencm3/lib/libopencm3_stm32l0.a(rcc.o)
 .group         0x00000000        0xc ../libopencm3/lib/libopencm3_stm32l0.a(rcc.o)
 .group         0x00000000        0xc ../libopencm3/lib/libopencm3_stm32l0.a(rcc.o)
 .group         0x00000000        0xc ../libopencm3/lib/libopencm3_stm32l0.a(rcc.o)
 .group         0x00000000        0xc ../libopencm3/lib/libopencm3_stm32l0.a(rcc.o)
 .group         0x00000000        0xc ../libopencm3/lib/libopencm3_stm32l0.a(rcc.o)
 .group         0x00000000        0xc ../libopencm3/lib/libopencm3_stm32l0.a(rcc.o)
 .group         0x00000000        0xc ../libopencm3/lib/libopencm3_stm32l0.a(rcc.o)
 .group         0x00000000        0xc ../libopencm3/lib/libopencm3_stm32l0.a(rcc.o)
 .group         0x00000000        0xc ../libopencm3/lib/libopencm3_stm32l0.a(rcc.o)
 .group         0x00000000        0xc ../libopencm3/lib/libopencm3_stm32l0.a(rcc.o)
 .group         0x00000000        0xc ../libopencm3/lib/libopencm3_stm32l0.a(rcc.o)
 .group         0x00000000        0xc ../libopencm3/lib/libopencm3_stm32l0.a(rcc.o)
 .group         0x00000000        0xc ../libopencm3/lib/libopencm3_stm32l0.a(rcc.o)
 .group         0x00000000        0xc ../libopencm3/lib/libopencm3_stm32l0.a(rcc.o)
 .debug_macro   0x00000000       0x1c ../libopencm3/lib/libopencm3_stm32l0.a(rcc.o)
 .debug_macro   0x00000000       0x22 ../libopencm3/lib/libopencm3_stm32l0.a(rcc.o)
 .debug_macro   0x00000000       0x51 ../libopencm3/lib/libopencm3_stm32l0.a(rcc.o)
 .debug_macro   0x00000000      0x103 ../libopencm3/lib/libopencm3_stm32l0.a(rcc.o)
 .debug_macro   0x00000000       0x6a ../libopencm3/lib/libopencm3_stm32l0.a(rcc.o)
 .debug_macro   0x00000000      0x1df ../libopencm3/lib/libopencm3_stm32l0.a(rcc.o)
 .debug_macro   0x00000000       0xe8 ../libopencm3/lib/libopencm3_stm32l0.a(rcc.o)
 .debug_macro   0x00000000       0x52 ../libopencm3/lib/libopencm3_stm32l0.a(rcc.o)
 .debug_macro   0x00000000      0x166 ../libopencm3/lib/libopencm3_stm32l0.a(rcc.o)
 .debug_macro   0x00000000       0x8e ../libopencm3/lib/libopencm3_stm32l0.a(rcc.o)
 .debug_macro   0x00000000       0x58 ../libopencm3/lib/libopencm3_stm32l0.a(rcc.o)
 .debug_macro   0x00000000      0x903 ../libopencm3/lib/libopencm3_stm32l0.a(rcc.o)
 .group         0x00000000        0xc ../libopencm3/lib/libopencm3_stm32l0.a(rcc_common_all.o)
 .group         0x00000000        0xc ../libopencm3/lib/libopencm3_stm32l0.a(rcc_common_all.o)
 .group         0x00000000        0xc ../libopencm3/lib/libopencm3_stm32l0.a(rcc_common_all.o)
 .group         0x00000000        0xc ../libopencm3/lib/libopencm3_stm32l0.a(rcc_common_all.o)
 .group         0x00000000        0xc ../libopencm3/lib/libopencm3_stm32l0.a(rcc_common_all.o)
 .group         0x00000000        0xc ../libopencm3/lib/libopencm3_stm32l0.a(rcc_common_all.o)
 .group         0x00000000        0xc ../libopencm3/lib/libopencm3_stm32l0.a(rcc_common_all.o)
 .group         0x00000000        0xc ../libopencm3/lib/libopencm3_stm32l0.a(rcc_common_all.o)
 .group         0x00000000        0xc ../libopencm3/lib/libopencm3_stm32l0.a(rcc_common_all.o)
 .group         0x00000000        0xc ../libopencm3/lib/libopencm3_stm32l0.a(rcc_common_all.o)
 .group         0x00000000        0xc ../libopencm3/lib/libopencm3_stm32l0.a(rcc_common_all.o)
 .group         0x00000000        0xc ../libopencm3/lib/libopencm3_stm32l0.a(rcc_common_all.o)
 .group         0x00000000        0xc ../libopencm3/lib/libopencm3_stm32l0.a(rcc_common_all.o)
 .group         0x00000000        0xc ../libopencm3/lib/libopencm3_stm32l0.a(rcc_common_all.o)
 .group         0x00000000        0xc ../libopencm3/lib/libopencm3_stm32l0.a(rcc_common_all.o)
 .debug_macro   0x00000000      0xab4 ../libopencm3/lib/libopencm3_stm32l0.a(rcc_common_all.o)
 .debug_macro   0x00000000       0x1c ../libopencm3/lib/libopencm3_stm32l0.a(rcc_common_all.o)
 .debug_macro   0x00000000       0x22 ../libopencm3/lib/libopencm3_stm32l0.a(rcc_common_all.o)
 .debug_macro   0x00000000       0x56 ../libopencm3/lib/libopencm3_stm32l0.a(rcc_common_all.o)
 .debug_macro   0x00000000       0x51 ../libopencm3/lib/libopencm3_stm32l0.a(rcc_common_all.o)
 .debug_macro   0x00000000      0x103 ../libopencm3/lib/libopencm3_stm32l0.a(rcc_common_all.o)
 .debug_macro   0x00000000       0x6a ../libopencm3/lib/libopencm3_stm32l0.a(rcc_common_all.o)
 .debug_macro   0x00000000      0x1df ../libopencm3/lib/libopencm3_stm32l0.a(rcc_common_all.o)
 .debug_macro   0x00000000       0x22 ../libopencm3/lib/libopencm3_stm32l0.a(rcc_common_all.o)
 .debug_macro   0x00000000       0xe8 ../libopencm3/lib/libopencm3_stm32l0.a(rcc_common_all.o)
 .debug_macro   0x00000000       0x52 ../libopencm3/lib/libopencm3_stm32l0.a(rcc_common_all.o)
 .debug_macro   0x00000000      0x166 ../libopencm3/lib/libopencm3_stm32l0.a(rcc_common_all.o)
 .debug_macro   0x00000000       0x8e ../libopencm3/lib/libopencm3_stm32l0.a(rcc_common_all.o)
 .debug_macro   0x00000000       0x58 ../libopencm3/lib/libopencm3_stm32l0.a(rcc_common_all.o)
 .debug_macro   0x00000000      0x903 ../libopencm3/lib/libopencm3_stm32l0.a(rcc_common_all.o)
 .group         0x00000000        0xc ../libopencm3/lib/libopencm3_stm32l0.a(vector.o)
 .group         0x00000000        0xc ../libopencm3/lib/libopencm3_stm32l0.a(vector.o)
 .group         0x00000000        0xc ../libopencm3/lib/libopencm3_stm32l0.a(vector.o)
 .group         0x00000000        0xc ../libopencm3/lib/libopencm3_stm32l0.a(vector.o)
 .group         0x00000000        0xc ../libopencm3/lib/libopencm3_stm32l0.a(vector.o)
 .group         0x00000000        0xc ../libopencm3/lib/libopencm3_stm32l0.a(vector.o)
 .group         0x00000000        0xc ../libopencm3/lib/libopencm3_stm32l0.a(vector.o)
 .group         0x00000000        0xc ../libopencm3/lib/libopencm3_stm32l0.a(vector.o)
 .group         0x00000000        0xc ../libopencm3/lib/libopencm3_stm32l0.a(vector.o)
 .group         0x00000000        0xc ../libopencm3/lib/libopencm3_stm32l0.a(vector.o)
 .group         0x00000000        0xc ../libopencm3/lib/libopencm3_stm32l0.a(vector.o)
 .group         0x00000000        0xc ../libopencm3/lib/libopencm3_stm32l0.a(vector.o)
 .group         0x00000000        0xc ../libopencm3/lib/libopencm3_stm32l0.a(vector.o)
 .group         0x00000000        0xc ../libopencm3/lib/libopencm3_stm32l0.a(vector.o)
 .debug_macro   0x00000000      0xab4 ../libopencm3/lib/libopencm3_stm32l0.a(vector.o)
 .debug_macro   0x00000000       0x52 ../libopencm3/lib/libopencm3_stm32l0.a(vector.o)
 .debug_macro   0x00000000       0x1c ../libopencm3/lib/libopencm3_stm32l0.a(vector.o)
 .debug_macro   0x00000000       0x22 ../libopencm3/lib/libopencm3_stm32l0.a(vector.o)
 .debug_macro   0x00000000       0x56 ../libopencm3/lib/libopencm3_stm32l0.a(vector.o)
 .debug_macro   0x00000000       0x51 ../libopencm3/lib/libopencm3_stm32l0.a(vector.o)
 .debug_macro   0x00000000      0x103 ../libopencm3/lib/libopencm3_stm32l0.a(vector.o)
 .debug_macro   0x00000000       0x6a ../libopencm3/lib/libopencm3_stm32l0.a(vector.o)
 .debug_macro   0x00000000      0x1df ../libopencm3/lib/libopencm3_stm32l0.a(vector.o)
 .debug_macro   0x00000000       0x22 ../libopencm3/lib/libopencm3_stm32l0.a(vector.o)
 .debug_macro   0x00000000       0xe8 ../libopencm3/lib/libopencm3_stm32l0.a(vector.o)
 .group         0x00000000        0xc ../libopencm3/lib/libopencm3_stm32l0.a(systick.o)
 .group         0x00000000        0xc ../libopencm3/lib/libopencm3_stm32l0.a(systick.o)
 .group         0x00000000        0xc ../libopencm3/lib/libopencm3_stm32l0.a(systick.o)
 .group         0x00000000        0xc ../libopencm3/lib/libopencm3_stm32l0.a(systick.o)
 .group         0x00000000        0xc ../libopencm3/lib/libopencm3_stm32l0.a(systick.o)
 .group         0x00000000        0xc ../libopencm3/lib/libopencm3_stm32l0.a(systick.o)
 .group         0x00000000        0xc ../libopencm3/lib/libopencm3_stm32l0.a(systick.o)
 .group         0x00000000        0xc ../libopencm3/lib/libopencm3_stm32l0.a(systick.o)
 .group         0x00000000        0xc ../libopencm3/lib/libopencm3_stm32l0.a(systick.o)
 .group         0x00000000        0xc ../libopencm3/lib/libopencm3_stm32l0.a(systick.o)
 .group         0x00000000        0xc ../libopencm3/lib/libopencm3_stm32l0.a(systick.o)
 .group         0x00000000        0xc ../libopencm3/lib/libopencm3_stm32l0.a(systick.o)
 .debug_macro   0x00000000      0xab4 ../libopencm3/lib/libopencm3_stm32l0.a(systick.o)
 .debug_macro   0x00000000       0x52 ../libopencm3/lib/libopencm3_stm32l0.a(systick.o)
 .debug_macro   0x00000000       0x1c ../libopencm3/lib/libopencm3_stm32l0.a(systick.o)
 .debug_macro   0x00000000       0x22 ../libopencm3/lib/libopencm3_stm32l0.a(systick.o)
 .debug_macro   0x00000000       0x56 ../libopencm3/lib/libopencm3_stm32l0.a(systick.o)
 .debug_macro   0x00000000       0x51 ../libopencm3/lib/libopencm3_stm32l0.a(systick.o)
 .debug_macro   0x00000000      0x103 ../libopencm3/lib/libopencm3_stm32l0.a(systick.o)
 .debug_macro   0x00000000       0x6a ../libopencm3/lib/libopencm3_stm32l0.a(systick.o)
 .debug_macro   0x00000000      0x1df ../libopencm3/lib/libopencm3_stm32l0.a(systick.o)
 .debug_macro   0x00000000       0x22 ../libopencm3/lib/libopencm3_stm32l0.a(systick.o)
 .debug_macro   0x00000000       0xe8 ../libopencm3/lib/libopencm3_stm32l0.a(systick.o)
 .debug_macro   0x00000000       0x69 ../libopencm3/lib/libopencm3_stm32l0.a(systick.o)
 .group         0x00000000        0xc ../libopencm3/lib/libopencm3_stm32l0.a(assert.o)
 .group         0x00000000        0xc ../libopencm3/lib/libopencm3_stm32l0.a(assert.o)
 .group         0x00000000        0xc ../libopencm3/lib/libopencm3_stm32l0.a(assert.o)
 .group         0x00000000        0xc ../libopencm3/lib/libopencm3_stm32l0.a(assert.o)
 .group         0x00000000        0xc ../libopencm3/lib/libopencm3_stm32l0.a(assert.o)
 .group         0x00000000        0xc ../libopencm3/lib/libopencm3_stm32l0.a(assert.o)
 .group         0x00000000        0xc ../libopencm3/lib/libopencm3_stm32l0.a(assert.o)
 .group         0x00000000        0xc ../libopencm3/lib/libopencm3_stm32l0.a(assert.o)
 .group         0x00000000        0xc ../libopencm3/lib/libopencm3_stm32l0.a(assert.o)
 .group         0x00000000        0xc ../libopencm3/lib/libopencm3_stm32l0.a(assert.o)
 .group         0x00000000        0xc ../libopencm3/lib/libopencm3_stm32l0.a(assert.o)
 .debug_macro   0x00000000      0xab4 ../libopencm3/lib/libopencm3_stm32l0.a(assert.o)
 .debug_macro   0x00000000       0x1c ../libopencm3/lib/libopencm3_stm32l0.a(assert.o)
 .debug_macro   0x00000000       0x22 ../libopencm3/lib/libopencm3_stm32l0.a(assert.o)
 .debug_macro   0x00000000       0x56 ../libopencm3/lib/libopencm3_stm32l0.a(assert.o)
 .debug_macro   0x00000000       0x51 ../libopencm3/lib/libopencm3_stm32l0.a(assert.o)
 .debug_macro   0x00000000      0x103 ../libopencm3/lib/libopencm3_stm32l0.a(assert.o)
 .debug_macro   0x00000000       0x6a ../libopencm3/lib/libopencm3_stm32l0.a(assert.o)
 .debug_macro   0x00000000      0x1df ../libopencm3/lib/libopencm3_stm32l0.a(assert.o)
 .debug_macro   0x00000000       0x22 ../libopencm3/lib/libopencm3_stm32l0.a(assert.o)
 .debug_macro   0x00000000       0xe8 ../libopencm3/lib/libopencm3_stm32l0.a(assert.o)
 .debug_macro   0x00000000       0x16 ../libopencm3/lib/libopencm3_stm32l0.a(assert.o)
 .group         0x00000000        0xc ../libopencm3/lib/libopencm3_stm32l0.a(flash_common_all.o)
 .group         0x00000000        0xc ../libopencm3/lib/libopencm3_stm32l0.a(flash_common_all.o)
 .group         0x00000000        0xc ../libopencm3/lib/libopencm3_stm32l0.a(flash_common_all.o)
 .group         0x00000000        0xc ../libopencm3/lib/libopencm3_stm32l0.a(flash_common_all.o)
 .group         0x00000000        0xc ../libopencm3/lib/libopencm3_stm32l0.a(flash_common_all.o)
 .group         0x00000000        0xc ../libopencm3/lib/libopencm3_stm32l0.a(flash_common_all.o)
 .group         0x00000000        0xc ../libopencm3/lib/libopencm3_stm32l0.a(flash_common_all.o)
 .group         0x00000000        0xc ../libopencm3/lib/libopencm3_stm32l0.a(flash_common_all.o)
 .group         0x00000000        0xc ../libopencm3/lib/libopencm3_stm32l0.a(flash_common_all.o)
 .group         0x00000000        0xc ../libopencm3/lib/libopencm3_stm32l0.a(flash_common_all.o)
 .group         0x00000000        0xc ../libopencm3/lib/libopencm3_stm32l0.a(flash_common_all.o)
 .group         0x00000000        0xc ../libopencm3/lib/libopencm3_stm32l0.a(flash_common_all.o)
 .group         0x00000000        0xc ../libopencm3/lib/libopencm3_stm32l0.a(flash_common_all.o)
 .group         0x00000000        0xc ../libopencm3/lib/libopencm3_stm32l0.a(flash_common_all.o)
 .debug_macro   0x00000000      0xab4 ../libopencm3/lib/libopencm3_stm32l0.a(flash_common_all.o)
 .debug_macro   0x00000000       0x1c ../libopencm3/lib/libopencm3_stm32l0.a(flash_common_all.o)
 .debug_macro   0x00000000       0x22 ../libopencm3/lib/libopencm3_stm32l0.a(flash_common_all.o)
 .debug_macro   0x00000000       0x56 ../libopencm3/lib/libopencm3_stm32l0.a(flash_common_all.o)
 .debug_macro   0x00000000       0x51 ../libopencm3/lib/libopencm3_stm32l0.a(flash_common_all.o)
 .debug_macro   0x00000000      0x103 ../libopencm3/lib/libopencm3_stm32l0.a(flash_common_all.o)
 .debug_macro   0x00000000       0x6a ../libopencm3/lib/libopencm3_stm32l0.a(flash_common_all.o)
 .debug_macro   0x00000000      0x1df ../libopencm3/lib/libopencm3_stm32l0.a(flash_common_all.o)
 .debug_macro   0x00000000       0x22 ../libopencm3/lib/libopencm3_stm32l0.a(flash_common_all.o)
 .debug_macro   0x00000000       0xe8 ../libopencm3/lib/libopencm3_stm32l0.a(flash_common_all.o)
 .debug_macro   0x00000000       0x52 ../libopencm3/lib/libopencm3_stm32l0.a(flash_common_all.o)
 .debug_macro   0x00000000      0x166 ../libopencm3/lib/libopencm3_stm32l0.a(flash_common_all.o)
 .debug_macro   0x00000000      0x166 ../libopencm3/lib/libopencm3_stm32l0.a(flash_common_all.o)
 .debug_macro   0x00000000       0x46 ../libopencm3/lib/libopencm3_stm32l0.a(flash_common_all.o)
 .group         0x00000000        0xc ../libopencm3/lib/libopencm3_stm32l0.a(pwr_common_v2.o)
 .group         0x00000000        0xc ../libopencm3/lib/libopencm3_stm32l0.a(pwr_common_v2.o)
 .group         0x00000000        0xc ../libopencm3/lib/libopencm3_stm32l0.a(pwr_common_v2.o)
 .group         0x00000000        0xc ../libopencm3/lib/libopencm3_stm32l0.a(pwr_common_v2.o)
 .group         0x00000000        0xc ../libopencm3/lib/libopencm3_stm32l0.a(pwr_common_v2.o)
 .group         0x00000000        0xc ../libopencm3/lib/libopencm3_stm32l0.a(pwr_common_v2.o)
 .group         0x00000000        0xc ../libopencm3/lib/libopencm3_stm32l0.a(pwr_common_v2.o)
 .group         0x00000000        0xc ../libopencm3/lib/libopencm3_stm32l0.a(pwr_common_v2.o)
 .group         0x00000000        0xc ../libopencm3/lib/libopencm3_stm32l0.a(pwr_common_v2.o)
 .group         0x00000000        0xc ../libopencm3/lib/libopencm3_stm32l0.a(pwr_common_v2.o)
 .group         0x00000000        0xc ../libopencm3/lib/libopencm3_stm32l0.a(pwr_common_v2.o)
 .group         0x00000000        0xc ../libopencm3/lib/libopencm3_stm32l0.a(pwr_common_v2.o)
 .group         0x00000000        0xc ../libopencm3/lib/libopencm3_stm32l0.a(pwr_common_v2.o)
 .group         0x00000000        0xc ../libopencm3/lib/libopencm3_stm32l0.a(pwr_common_v2.o)
 .group         0x00000000        0xc ../libopencm3/lib/libopencm3_stm32l0.a(pwr_common_v2.o)
 .debug_macro   0x00000000      0xab4 ../libopencm3/lib/libopencm3_stm32l0.a(pwr_common_v2.o)
 .debug_macro   0x00000000       0x1c ../libopencm3/lib/libopencm3_stm32l0.a(pwr_common_v2.o)
 .debug_macro   0x00000000       0x22 ../libopencm3/lib/libopencm3_stm32l0.a(pwr_common_v2.o)
 .debug_macro   0x00000000       0x56 ../libopencm3/lib/libopencm3_stm32l0.a(pwr_common_v2.o)
 .debug_macro   0x00000000       0x51 ../libopencm3/lib/libopencm3_stm32l0.a(pwr_common_v2.o)
 .debug_macro   0x00000000      0x103 ../libopencm3/lib/libopencm3_stm32l0.a(pwr_common_v2.o)
 .debug_macro   0x00000000       0x6a ../libopencm3/lib/libopencm3_stm32l0.a(pwr_common_v2.o)
 .debug_macro   0x00000000      0x1df ../libopencm3/lib/libopencm3_stm32l0.a(pwr_common_v2.o)
 .debug_macro   0x00000000       0x22 ../libopencm3/lib/libopencm3_stm32l0.a(pwr_common_v2.o)
 .debug_macro   0x00000000       0xe8 ../libopencm3/lib/libopencm3_stm32l0.a(pwr_common_v2.o)
 .debug_macro   0x00000000       0x52 ../libopencm3/lib/libopencm3_stm32l0.a(pwr_common_v2.o)
 .debug_macro   0x00000000      0x166 ../libopencm3/lib/libopencm3_stm32l0.a(pwr_common_v2.o)
 .debug_macro   0x00000000       0x8e ../libopencm3/lib/libopencm3_stm32l0.a(pwr_common_v2.o)
 .debug_macro   0x00000000       0x58 ../libopencm3/lib/libopencm3_stm32l0.a(pwr_common_v2.o)
 .debug_macro   0x00000000      0x903 ../libopencm3/lib/libopencm3_stm32l0.a(pwr_common_v2.o)

Memory Configuration

Name             Origin             Length             Attributes
ram              0x20000000         0x00005000         xrw
rom              0x08000000         0x00030000         xr
*default*        0x00000000         0xffffffff

Linker script and memory map

LOAD main.o
LOAD zeroRTOS.o
LOAD zeroRTOS_tasks.o
LOAD zeroRTOS_memory.o
START GROUP
LOAD /usr/lib/gcc/arm-none-eabi/15.2.0/../../../../arm-none-eabi/lib/thumb/v6-m/nofp/libc.a
LOAD /usr/lib/gcc/arm-none-eabi/15.2.0/thumb/v6-m/nofp/libgcc.a
LOAD /usr/lib/gcc/arm-none-eabi/15.2.0/../../../../arm-none-eabi/lib/thumb/v6-m/nofp/libnosys.a
END GROUP
LOAD ../libopencm3/lib/libopencm3_stm32l0.a
START GROUP
LOAD /usr/lib/gcc/arm-none-eabi/15.2.0/thumb/v6-m/nofp/libgcc.a
LOAD /usr/lib/gcc/arm-none-eabi/15.2.0/../../../../arm-none-eabi/lib/thumb/v6-m/nofp/libc.a
END GROUP

.text           0x08000000      0xbfc
 *(.vectors)
 .vectors       0x08000000       0xc0 ../libopencm3/lib/libopencm3_stm32l0.a(vector.o)
                0x08000000                vector_table
 *(.text*)
 .text          0x080000c0       0x10 main.o
                0x080000c0                task1
                0x080000c2                rcc_setup
 .text.startup  0x080000d0       0x20 main.o
                0x080000d0                main
 .text          0x080000f0       0x3c zeroRTOS.o
                0x080000f0                zrtos_systick_setup
                0x08000108                sys_tick_handler
                0x08000120                zrtos_init
 .text          0x0800012c       0x68 zeroRTOS_tasks.o
                0x0800012c                zrtos_add_to_tasks_list
                0x0800014c                zrtos_create_task
                0x08000180                zrtos_tasks_init
 .text          0x08000194       0x30 zeroRTOS_memory.o
                0x08000194                zrtos_malloc
                0x080001b4                zrtos_memset
 .text          0x080001c4        0x0 /usr/lib/gcc/arm-none-eabi/15.2.0/../../../../arm-none-eabi/lib/thumb/v6-m/nofp/libc.a(libc_a-strcpy.o)
 .text.strcpy   0x080001c4       0x10 /usr/lib/gcc/arm-none-eabi/15.2.0/../../../../arm-none-eabi/lib/thumb/v6-m/nofp/libc.a(libc_a-strcpy.o)
                0x080001c4                strcpy
 .text          0x080001d4        0x0 ../libopencm3/lib/libopencm3_stm32l0.a(rcc.o)
 .text.rcc_uart_i2c_clksel_freq_hz
                0x080001d4       0x44 ../libopencm3/lib/libopencm3_stm32l0.a(rcc.o)
 .text.rcc_osc_on
                0x08000218       0x54 ../libopencm3/lib/libopencm3_stm32l0.a(rcc.o)
                0x08000218                rcc_osc_on
 .text.rcc_osc_off
                0x0800026c       0x5c ../libopencm3/lib/libopencm3_stm32l0.a(rcc.o)
                0x0800026c                rcc_osc_off
 .text.rcc_osc_ready_int_clear
                0x080002c8       0x3c ../libopencm3/lib/libopencm3_stm32l0.a(rcc.o)
                0x080002c8                rcc_osc_ready_int_clear
 .text.rcc_osc_ready_int_enable
                0x08000304       0x3c ../libopencm3/lib/libopencm3_stm32l0.a(rcc.o)
                0x08000304                rcc_osc_ready_int_enable
 .text.rcc_osc_ready_int_disable
                0x08000340       0x3c ../libopencm3/lib/libopencm3_stm32l0.a(rcc.o)
                0x08000340                rcc_osc_ready_int_disable
 .text.rcc_osc_ready_int_flag
                0x0800037c       0x4c ../libopencm3/lib/libopencm3_stm32l0.a(rcc.o)
                0x0800037c                rcc_osc_ready_int_flag
 .text.rcc_is_osc_ready
                0x080003c8       0x54 ../libopencm3/lib/libopencm3_stm32l0.a(rcc.o)
                0x080003c8                rcc_is_osc_ready
 .text.rcc_wait_for_osc_ready
                0x0800041c       0x10 ../libopencm3/lib/libopencm3_stm32l0.a(rcc.o)
                0x0800041c                rcc_wait_for_osc_ready
 .text.rcc_set_hsi48_source_rc48
                0x0800042c       0x14 ../libopencm3/lib/libopencm3_stm32l0.a(rcc.o)
                0x0800042c                rcc_set_hsi48_source_rc48
 .text.rcc_set_hsi48_source_pll
                0x08000440       0x14 ../libopencm3/lib/libopencm3_stm32l0.a(rcc.o)
                0x08000440                rcc_set_hsi48_source_pll
 .text.rcc_set_sysclk_source
                0x08000454       0x48 ../libopencm3/lib/libopencm3_stm32l0.a(rcc.o)
                0x08000454                rcc_set_sysclk_source
 .text.rcc_set_pll_multiplier
                0x0800049c       0x18 ../libopencm3/lib/libopencm3_stm32l0.a(rcc.o)
                0x0800049c                rcc_set_pll_multiplier
 .text.rcc_set_pll_divider
                0x080004b4       0x18 ../libopencm3/lib/libopencm3_stm32l0.a(rcc.o)
                0x080004b4                rcc_set_pll_divider
 .text.rcc_set_pll_source
                0x080004cc       0x18 ../libopencm3/lib/libopencm3_stm32l0.a(rcc.o)
                0x080004cc                rcc_set_pll_source
 .text.rcc_set_ppre1
                0x080004e4       0x18 ../libopencm3/lib/libopencm3_stm32l0.a(rcc.o)
                0x080004e4                rcc_set_ppre1
 .text.rcc_set_ppre2
                0x080004fc       0x18 ../libopencm3/lib/libopencm3_stm32l0.a(rcc.o)
                0x080004fc                rcc_set_ppre2
 .text.rcc_set_hpre
                0x08000514       0x14 ../libopencm3/lib/libopencm3_stm32l0.a(rcc.o)
                0x08000514                rcc_set_hpre
 .text.rcc_set_msi_range
                0x08000528       0x18 ../libopencm3/lib/libopencm3_stm32l0.a(rcc.o)
                0x08000528                rcc_set_msi_range
 .text.rcc_set_lptim1_sel
                0x08000540       0x1c ../libopencm3/lib/libopencm3_stm32l0.a(rcc.o)
                0x08000540                rcc_set_lptim1_sel
 .text.rcc_set_lpuart1_sel
                0x0800055c       0x1c ../libopencm3/lib/libopencm3_stm32l0.a(rcc.o)
                0x0800055c                rcc_set_lpuart1_sel
 .text.rcc_set_usart1_sel
                0x08000578       0x18 ../libopencm3/lib/libopencm3_stm32l0.a(rcc.o)
                0x08000578                rcc_set_usart1_sel
 .text.rcc_set_usart2_sel
                0x08000590       0x18 ../libopencm3/lib/libopencm3_stm32l0.a(rcc.o)
                0x08000590                rcc_set_usart2_sel
 .text.rcc_set_peripheral_clk_sel
                0x080005a8       0x6c ../libopencm3/lib/libopencm3_stm32l0.a(rcc.o)
                0x080005a8                rcc_set_peripheral_clk_sel
 .text.rcc_get_usart_clk_freq
                0x08000614       0x38 ../libopencm3/lib/libopencm3_stm32l0.a(rcc.o)
                0x08000614                rcc_get_usart_clk_freq
 .text.rcc_get_timer_clk_freq
                0x0800064c       0x34 ../libopencm3/lib/libopencm3_stm32l0.a(rcc.o)
                0x0800064c                rcc_get_timer_clk_freq
 .text.rcc_get_i2c_clk_freq
                0x08000680       0x2c ../libopencm3/lib/libopencm3_stm32l0.a(rcc.o)
                0x08000680                rcc_get_i2c_clk_freq
 .text.rcc_get_spi_clk_freq
                0x080006ac       0x1c ../libopencm3/lib/libopencm3_stm32l0.a(rcc.o)
                0x080006ac                rcc_get_spi_clk_freq
 .text.rcc_clock_setup_pll
                0x080006c8       0xac ../libopencm3/lib/libopencm3_stm32l0.a(rcc.o)
                0x080006c8                rcc_clock_setup_pll
 .text          0x08000774        0x0 ../libopencm3/lib/libopencm3_stm32l0.a(rcc_common_all.o)
 .text.rcc_peripheral_enable_clock
                0x08000774        0x8 ../libopencm3/lib/libopencm3_stm32l0.a(rcc_common_all.o)
                0x08000774                rcc_peripheral_enable_clock
 .text.rcc_peripheral_disable_clock
                0x0800077c        0x8 ../libopencm3/lib/libopencm3_stm32l0.a(rcc_common_all.o)
                0x0800077c                rcc_peripheral_disable_clock
 .text.rcc_peripheral_reset
                0x08000784        0x8 ../libopencm3/lib/libopencm3_stm32l0.a(rcc_common_all.o)
                0x08000784                rcc_peripheral_reset
 .text.rcc_peripheral_clear_reset
                0x0800078c        0x8 ../libopencm3/lib/libopencm3_stm32l0.a(rcc_common_all.o)
                0x0800078c                rcc_peripheral_clear_reset
 .text.rcc_periph_clock_enable
                0x08000794       0x1c ../libopencm3/lib/libopencm3_stm32l0.a(rcc_common_all.o)
                0x08000794                rcc_periph_clock_enable
 .text.rcc_periph_clock_disable
                0x080007b0       0x1c ../libopencm3/lib/libopencm3_stm32l0.a(rcc_common_all.o)
                0x080007b0                rcc_periph_clock_disable
 .text.rcc_periph_reset_pulse
                0x080007cc       0x20 ../libopencm3/lib/libopencm3_stm32l0.a(rcc_common_all.o)
                0x080007cc                rcc_periph_reset_pulse
 .text.rcc_periph_reset_hold
                0x080007ec        0x8 ../libopencm3/lib/libopencm3_stm32l0.a(rcc_common_all.o)
                0x080007ec                rcc_periph_reset_hold
 .text.rcc_periph_reset_release
                0x080007f4        0x8 ../libopencm3/lib/libopencm3_stm32l0.a(rcc_common_all.o)
                0x080007f4                rcc_periph_reset_release
 .text.rcc_set_mco
                0x080007fc       0x18 ../libopencm3/lib/libopencm3_stm32l0.a(rcc_common_all.o)
                0x080007fc                rcc_set_mco
 .text.rcc_osc_bypass_enable
                0x08000814       0x2c ../libopencm3/lib/libopencm3_stm32l0.a(rcc_common_all.o)
                0x08000814                rcc_osc_bypass_enable
 .text.rcc_osc_bypass_disable
                0x08000840       0x30 ../libopencm3/lib/libopencm3_stm32l0.a(rcc_common_all.o)
                0x08000840                rcc_osc_bypass_disable
 .text.rcc_get_div_from_hpre
                0x08000870       0x1a ../libopencm3/lib/libopencm3_stm32l0.a(rcc_common_all.o)
                0x08000870                rcc_get_div_from_hpre
 .text          0x0800088a        0x0 ../libopencm3/lib/libopencm3_stm32l0.a(vector.o)
 .text.blocking_handler
                0x0800088a        0x2 ../libopencm3/lib/libopencm3_stm32l0.a(vector.o)
                0x0800088a                rtc_isr
                0x0800088a                tim7_isr
                0x0800088a                blocking_handler
                0x0800088a                tsc_isr
                0x0800088a                spi1_isr
                0x0800088a                i2c1_isr
                0x0800088a                i2c2_isr
                0x0800088a                tim21_isr
                0x0800088a                usart1_isr
                0x0800088a                i2c3_isr
                0x0800088a                reserved4_isr
                0x0800088a                exti2_3_isr
                0x0800088a                lptim1_isr
                0x0800088a                pvd_isr
                0x0800088a                rcc_isr
                0x0800088a                flash_isr
                0x0800088a                hard_fault_handler
                0x0800088a                spi2_isr
                0x0800088a                lpuart1_aes_rng_isr
                0x0800088a                usb_isr
                0x0800088a                tim3_isr
                0x0800088a                usart2_isr
                0x0800088a                adc_comp_isr
                0x0800088a                dma1_channel1_isr
                0x0800088a                tim6_dac_isr
                0x0800088a                lcd_isr
                0x0800088a                dma1_channel2_3_isr
                0x0800088a                tim22_isr
                0x0800088a                exti4_15_isr
                0x0800088a                usart4_5_isr
                0x0800088a                wwdg_isr
                0x0800088a                tim2_isr
                0x0800088a                dma1_channel4_5_isr
                0x0800088a                exti0_1_isr
 .text.null_handler
                0x0800088c        0x2 ../libopencm3/lib/libopencm3_stm32l0.a(vector.o)
                0x0800088c                null_handler
                0x0800088c                sv_call_handler
                0x0800088c                pend_sv_handler
                0x0800088c                nmi_handler
 *fill*         0x0800088e        0x2 
 .text.reset_handler
                0x08000890       0x88 ../libopencm3/lib/libopencm3_stm32l0.a(vector.o)
                0x08000890                reset_handler
 .text          0x08000918        0x0 ../libopencm3/lib/libopencm3_stm32l0.a(systick.o)
 .text.systick_set_reload
                0x08000918       0x10 ../libopencm3/lib/libopencm3_stm32l0.a(systick.o)
                0x08000918                systick_set_reload
 .text.systick_get_reload
                0x08000928       0x10 ../libopencm3/lib/libopencm3_stm32l0.a(systick.o)
                0x08000928                systick_get_reload
 .text.systick_get_value
                0x08000938       0x10 ../libopencm3/lib/libopencm3_stm32l0.a(systick.o)
                0x08000938                systick_get_value
 .text.systick_set_clocksource
                0x08000948       0x14 ../libopencm3/lib/libopencm3_stm32l0.a(systick.o)
                0x08000948                systick_set_clocksource
 .text.systick_set_frequency
                0x0800095c       0x24 ../libopencm3/lib/libopencm3_stm32l0.a(systick.o)
                0x0800095c                systick_set_frequency
 .text.systick_interrupt_enable
                0x08000980       0x10 ../libopencm3/lib/libopencm3_stm32l0.a(systick.o)
                0x08000980                systick_interrupt_enable
 .text.systick_interrupt_disable
                0x08000990       0x10 ../libopencm3/lib/libopencm3_stm32l0.a(systick.o)
                0x08000990                systick_interrupt_disable
 .text.systick_counter_enable
                0x080009a0       0x10 ../libopencm3/lib/libopencm3_stm32l0.a(systick.o)
                0x080009a0                systick_counter_enable
 .text.systick_counter_disable
                0x080009b0       0x10 ../libopencm3/lib/libopencm3_stm32l0.a(systick.o)
                0x080009b0                systick_counter_disable
 .text.systick_get_countflag
                0x080009c0       0x10 ../libopencm3/lib/libopencm3_stm32l0.a(systick.o)
                0x080009c0                systick_get_countflag
 .text.systick_clear
                0x080009d0        0xc ../libopencm3/lib/libopencm3_stm32l0.a(systick.o)
                0x080009d0                systick_clear
 .text.systick_get_calib
                0x080009dc       0x10 ../libopencm3/lib/libopencm3_stm32l0.a(systick.o)
                0x080009dc                systick_get_calib
 .text          0x080009ec        0x0 ../libopencm3/lib/libopencm3_stm32l0.a(assert.o)
 .text.cm3_assert_failed
                0x080009ec        0x2 ../libopencm3/lib/libopencm3_stm32l0.a(assert.o)
                0x080009ec                cm3_assert_failed
 .text.cm3_assert_failed_verbose
                0x080009ee        0x6 ../libopencm3/lib/libopencm3_stm32l0.a(assert.o)
                0x080009ee                cm3_assert_failed_verbose
 .text          0x080009f4        0x0 ../libopencm3/lib/libopencm3_stm32l0.a(flash_common_all.o)
 .text.flash_prefetch_enable
                0x080009f4       0x10 ../libopencm3/lib/libopencm3_stm32l0.a(flash_common_all.o)
                0x080009f4                flash_prefetch_enable
 .text.flash_prefetch_disable
                0x08000a04       0x10 ../libopencm3/lib/libopencm3_stm32l0.a(flash_common_all.o)
                0x08000a04                flash_prefetch_disable
 .text.flash_set_ws
                0x08000a14       0x14 ../libopencm3/lib/libopencm3_stm32l0.a(flash_common_all.o)
                0x08000a14                flash_set_ws
 .text.flash_unlock_option_bytes
                0x08000a28       0x18 ../libopencm3/lib/libopencm3_stm32l0.a(flash_common_all.o)
                0x08000a28                flash_unlock_option_bytes
 .text          0x08000a40        0x0 ../libopencm3/lib/libopencm3_stm32l0.a(pwr_common_v2.o)
 .text.pwr_set_vos_scale
                0x08000a40       0x34 ../libopencm3/lib/libopencm3_stm32l0.a(pwr_common_v2.o)
                0x08000a40                pwr_set_vos_scale
 .text          0x08000a74       0x14 /usr/lib/gcc/arm-none-eabi/15.2.0/thumb/v6-m/nofp/libgcc.a(_thumb1_case_uqi.o)
                0x08000a74                __gnu_thumb1_case_uqi
 .text          0x08000a88      0x114 /usr/lib/gcc/arm-none-eabi/15.2.0/thumb/v6-m/nofp/libgcc.a(_udivsi3.o)
                0x08000a88                __udivsi3
                0x08000a88                __aeabi_uidiv
                0x08000b94                __aeabi_uidivmod
 .text          0x08000b9c        0x4 /usr/lib/gcc/arm-none-eabi/15.2.0/thumb/v6-m/nofp/libgcc.a(_dvmd_tls.o)
                0x08000b9c                __aeabi_ldiv0
                0x08000b9c                __aeabi_idiv0
                0x08000ba0                        . = ALIGN (0x4)
 *(.rodata*)
 .rodata.str1.1
                0x08000ba0        0x7 main.o
 *fill*         0x08000ba7        0x1 
 .rodata.rcc_hsi_configs
                0x08000ba8       0x54 ../libopencm3/lib/libopencm3_stm32l0.a(rcc.o)
                0x08000ba8                rcc_hsi_configs
                0x08000bfc                        . = ALIGN (0x4)

.glue_7         0x08000bfc        0x0
 .glue_7        0x08000bfc        0x0 linker stubs

.glue_7t        0x08000bfc        0x0
 .glue_7t       0x08000bfc        0x0 linker stubs

.vfp11_veneer   0x08000bfc        0x0
 .vfp11_veneer  0x08000bfc        0x0 linker stubs

.v4_bx          0x08000bfc        0x0
 .v4_bx         0x08000bfc        0x0 linker stubs

.iplt           0x08000bfc        0x0
 .iplt          0x08000bfc        0x0 main.o

.rel.dyn        0x08000bfc        0x0
 .rel.iplt      0x08000bfc        0x0 main.o

.preinit_array  0x08000bfc        0x0
                0x08000bfc                        . = ALIGN (0x4)
                0x08000bfc                        __preinit_array_start = .
 *(.preinit_array)
                0x08000bfc                        __preinit_array_end = .

.init_array     0x08000bfc        0x0
                0x08000bfc                        . = ALIGN (0x4)
                0x08000bfc                        __init_array_start = .
 *(SORT_BY_NAME(.init_array.*))
 *(.init_array)
                0x08000bfc                        __init_array_end = .

.fini_array     0x08000bfc        0x0
                0x08000bfc                        . = ALIGN (0x4)
                0x08000bfc                        __fini_array_start = .
 *(.fini_array)
 *(SORT_BY_NAME(.fini_array.*))
                0x08000bfc                        __fini_array_end = .

.ARM.extab
 *(.ARM.extab*)

.ARM.exidx      0x08000bfc        0x0
                0x08000bfc                        __exidx_start = .
 *(.ARM.exidx*)
                0x08000bfc                        __exidx_end = .
                0x08000bfc                        . = ALIGN (0x4)
                0x08000bfc                        _etext = .

.noinit
 *(.noinit*)
                0x08000bfc                        . = ALIGN (0x4)

.data           0x20000000       0x18 load address 0x08000bfc
                0x20000000                        _data = .
 *(.data*)
 .data          0x20000000        0x0 main.o
 .data          0x20000000        0x8 zeroRTOS.o
                0x20000000                ticks
 .data          0x20000008        0x0 zeroRTOS_tasks.o
 .data          0x20000008        0x4 zeroRTOS_memory.o
 .data          0x2000000c        0x0 /usr/lib/gcc/arm-none-eabi/15.2.0/../../../../arm-none-eabi/lib/thumb/v6-m/nofp/libc.a(libc_a-strcpy.o)
 .data          0x2000000c        0x0 ../libopencm3/lib/libopencm3_stm32l0.a(rcc.o)
 .data.rcc_apb2_frequency
                0x2000000c        0x4 ../libopencm3/lib/libopencm3_stm32l0.a(rcc.o)
                0x2000000c                rcc_apb2_frequency
 .data.rcc_apb1_frequency
                0x20000010        0x4 ../libopencm3/lib/libopencm3_stm32l0.a(rcc.o)
                0x20000010                rcc_apb1_frequency
 .data.rcc_ahb_frequency
                0x20000014        0x4 ../libopencm3/lib/libopencm3_stm32l0.a(rcc.o)
                0x20000014                rcc_ahb_frequency
 .data          0x20000018        0x0 ../libopencm3/lib/libopencm3_stm32l0.a(rcc_common_all.o)
 .data          0x20000018        0x0 ../libopencm3/lib/libopencm3_stm32l0.a(vector.o)
 .data          0x20000018        0x0 ../libopencm3/lib/libopencm3_stm32l0.a(systick.o)
 .data          0x20000018        0x0 ../libopencm3/lib/libopencm3_stm32l0.a(assert.o)
 .data          0x20000018        0x0 ../libopencm3/lib/libopencm3_stm32l0.a(flash_common_all.o)
 .data          0x20000018        0x0 ../libopencm3/lib/libopencm3_stm32l0.a(pwr_common_v2.o)
 .data          0x20000018        0x0 /usr/lib/gcc/arm-none-eabi/15.2.0/thumb/v6-m/nofp/libgcc.a(_thumb1_case_uqi.o)
 .data          0x20000018        0x0 /usr/lib/gcc/arm-none-eabi/15.2.0/thumb/v6-m/nofp/libgcc.a(_udivsi3.o)
 .data          0x20000018        0x0 /usr/lib/gcc/arm-none-eabi/15.2.0/thumb/v6-m/nofp/libgcc.a(_dvmd_tls.o)
 *(.ramtext*)
                0x20000018                        . = ALIGN (0x4)
                0x20000018                        _edata = .
                0x08000bfc                        _data_loadaddr = LOADADDR (.data)

.igot.plt       0x20000018        0x0 load address 0x08000c14
 .igot.plt      0x20000018        0x0 main.o

.bss            0x20000018     0x1014 load address 0x08000c14
 *(.bss*)
 .bss           0x20000018        0x0 main.o
 .bss           0x20000018        0x0 zeroRTOS.o
 .bss           0x20000018       0x14 zeroRTOS_tasks.o
 .bss           0x2000002c     0x1000 zeroRTOS_memory.o
 .bss           0x2000102c        0x0 /usr/lib/gcc/arm-none-eabi/15.2.0/../../../../arm-none-eabi/lib/thumb/v6-m/nofp/libc.a(libc_a-strcpy.o)
 .bss           0x2000102c        0x0 ../libopencm3/lib/libopencm3_stm32l0.a(rcc.o)
 .bss           0x2000102c        0x0 ../libopencm3/lib/libopencm3_stm32l0.a(rcc_common_all.o)
 .bss           0x2000102c        0x0 ../libopencm3/lib/libopencm3_stm32l0.a(vector.o)
 .bss           0x2000102c        0x0 ../libopencm3/lib/libopencm3_stm32l0.a(systick.o)
 .bss           0x2000102c        0x0 ../libopencm3/lib/libopencm3_stm32l0.a(assert.o)
 .bss           0x2000102c        0x0 ../libopencm3/lib/libopencm3_stm32l0.a(flash_common_all.o)
 .bss           0x2000102c        0x0 ../libopencm3/lib/libopencm3_stm32l0.a(pwr_common_v2.o)
 .bss           0x2000102c        0x0 /usr/lib/gcc/arm-none-eabi/15.2.0/thumb/v6-m/nofp/libgcc.a(_thumb1_case_uqi.o)
 .bss           0x2000102c        0x0 /usr/lib/gcc/arm-none-eabi/15.2.0/thumb/v6-m/nofp/libgcc.a(_udivsi3.o)
 .bss           0x2000102c        0x0 /usr/lib/gcc/arm-none-eabi/15.2.0/thumb/v6-m/nofp/libgcc.a(_dvmd_tls.o)
 *(COMMON)
                0x2000102c                        . = ALIGN (0x4)
                0x2000102c                        _ebss = .

/DISCARD/
 *(.eh_frame)
                0x2000102c                        . = ALIGN (0x4)
                0x2000102c                        end = .
                0x20005000                        PROVIDE (_stack = (ORIGIN (ram) + LENGTH (ram)))
OUTPUT(firmware.elf elf32-littlearm)
LOAD linker stubs

.debug_info     0x00000000     0x25a0
 .debug_info    0x00000000      0x358 main.o
 .debug_info    0x00000358      0x182 zeroRTOS.o
 .debug_info    0x000004da      0x31c zeroRTOS_tasks.o
 .debug_info    0x000007f6      0x1ab zeroRTOS_memory.o
 .debug_info    0x000009a1       0xc8 /usr/lib/gcc/arm-none-eabi/15.2.0/../../../../arm-none-eabi/lib/thumb/v6-m/nofp/libc.a(libc_a-strcpy.o)
 .debug_info    0x00000a69      0xc63 ../libopencm3/lib/libopencm3_stm32l0.a(rcc.o)
 .debug_info    0x000016cc      0x651 ../libopencm3/lib/libopencm3_stm32l0.a(rcc_common_all.o)
 .debug_info    0x00001d1d      0x2c3 ../libopencm3/lib/libopencm3_stm32l0.a(vector.o)
 .debug_info    0x00001fe0      0x23b ../libopencm3/lib/libopencm3_stm32l0.a(systick.o)
 .debug_info    0x0000221b      0x101 ../libopencm3/lib/libopencm3_stm32l0.a(assert.o)
 .debug_info    0x0000231c       0xf6 ../libopencm3/lib/libopencm3_stm32l0.a(flash_common_all.o)
 .debug_info    0x00002412       0xe3 ../libopencm3/lib/libopencm3_stm32l0.a(pwr_common_v2.o)
 .debug_info    0x000024f5       0x31 /usr/lib/gcc/arm-none-eabi/15.2.0/thumb/v6-m/nofp/libgcc.a(_thumb1_case_uqi.o)
 .debug_info    0x00002526       0x3e /usr/lib/gcc/arm-none-eabi/15.2.0/thumb/v6-m/nofp/libgcc.a(_udivsi3.o)
 .debug_info    0x00002564       0x3c /usr/lib/gcc/arm-none-eabi/15.2.0/thumb/v6-m/nofp/libgcc.a(_dvmd_tls.o)

.debug_abbrev   0x00000000      0xfa3
 .debug_abbrev  0x00000000      0x1c2 main.o
 .debug_abbrev  0x000001c2       0xf7 zeroRTOS.o
 .debug_abbrev  0x000002b9      0x19e zeroRTOS_tasks.o
 .debug_abbrev  0x00000457      0x106 zeroRTOS_memory.o
 .debug_abbrev  0x0000055d       0x81 /usr/lib/gcc/arm-none-eabi/15.2.0/../../../../arm-none-eabi/lib/thumb/v6-m/nofp/libc.a(libc_a-strcpy.o)
 .debug_abbrev  0x000005de      0x362 ../libopencm3/lib/libopencm3_stm32l0.a(rcc.o)
 .debug_abbrev  0x00000940      0x174 ../libopencm3/lib/libopencm3_stm32l0.a(rcc_common_all.o)
 .debug_abbrev  0x00000ab4      0x149 ../libopencm3/lib/libopencm3_stm32l0.a(vector.o)
 .debug_abbrev  0x00000bfd      0x168 ../libopencm3/lib/libopencm3_stm32l0.a(systick.o)
 .debug_abbrev  0x00000d65       0x94 ../libopencm3/lib/libopencm3_stm32l0.a(assert.o)
 .debug_abbrev  0x00000df9       0x9d ../libopencm3/lib/libopencm3_stm32l0.a(flash_common_all.o)
 .debug_abbrev  0x00000e96       0x97 ../libopencm3/lib/libopencm3_stm32l0.a(pwr_common_v2.o)
 .debug_abbrev  0x00000f2d       0x28 /usr/lib/gcc/arm-none-eabi/15.2.0/thumb/v6-m/nofp/libgcc.a(_thumb1_case_uqi.o)
 .debug_abbrev  0x00000f55       0x28 /usr/lib/gcc/arm-none-eabi/15.2.0/thumb/v6-m/nofp/libgcc.a(_udivsi3.o)
 .debug_abbrev  0x00000f7d       0x26 /usr/lib/gcc/arm-none-eabi/15.2.0/thumb/v6-m/nofp/libgcc.a(_dvmd_tls.o)

.debug_aranges  0x00000000      0x3b0
 .debug_aranges
                0x00000000       0x28 main.o
 .debug_aranges
                0x00000028       0x20 zeroRTOS.o
 .debug_aranges
                0x00000048       0x20 zeroRTOS_tasks.o
 .debug_aranges
                0x00000068       0x20 zeroRTOS_memory.o
 .debug_aranges
                0x00000088       0x20 /usr/lib/gcc/arm-none-eabi/15.2.0/../../../../arm-none-eabi/lib/thumb/v6-m/nofp/libc.a(libc_a-strcpy.o)
 .debug_aranges
                0x000000a8      0x100 ../libopencm3/lib/libopencm3_stm32l0.a(rcc.o)
 .debug_aranges
                0x000001a8       0x80 ../libopencm3/lib/libopencm3_stm32l0.a(rcc_common_all.o)
 .debug_aranges
                0x00000228       0x30 ../libopencm3/lib/libopencm3_stm32l0.a(vector.o)
 .debug_aranges
                0x00000258       0x78 ../libopencm3/lib/libopencm3_stm32l0.a(systick.o)
 .debug_aranges
                0x000002d0       0x28 ../libopencm3/lib/libopencm3_stm32l0.a(assert.o)
 .debug_aranges
                0x000002f8       0x38 ../libopencm3/lib/libopencm3_stm32l0.a(flash_common_all.o)
 .debug_aranges
                0x00000330       0x20 ../libopencm3/lib/libopencm3_stm32l0.a(pwr_common_v2.o)
 .debug_aranges
                0x00000350       0x20 /usr/lib/gcc/arm-none-eabi/15.2.0/thumb/v6-m/nofp/libgcc.a(_thumb1_case_uqi.o)
 .debug_aranges
                0x00000370       0x20 /usr/lib/gcc/arm-none-eabi/15.2.0/thumb/v6-m/nofp/libgcc.a(_udivsi3.o)
 .debug_aranges
                0x00000390       0x20 /usr/lib/gcc/arm-none-eabi/15.2.0/thumb/v6-m/nofp/libgcc.a(_dvmd_tls.o)

.debug_rnglists
                0x00000000      0x262
 .debug_rnglists
                0x00000000       0x19 main.o
 .debug_rnglists
                0x00000019       0x16 zeroRTOS_tasks.o
 .debug_rnglists
                0x0000002f       0x13 zeroRTOS_memory.o
 .debug_rnglists
                0x00000042       0x13 /usr/lib/gcc/arm-none-eabi/15.2.0/../../../../arm-none-eabi/lib/thumb/v6-m/nofp/libc.a(libc_a-strcpy.o)
 .debug_rnglists
                0x00000055       0xe0 ../libopencm3/lib/libopencm3_stm32l0.a(rcc.o)
 .debug_rnglists
                0x00000135       0x5b ../libopencm3/lib/libopencm3_stm32l0.a(rcc_common_all.o)
 .debug_rnglists
                0x00000190       0x20 ../libopencm3/lib/libopencm3_stm32l0.a(vector.o)
 .debug_rnglists
                0x000001b0       0x61 ../libopencm3/lib/libopencm3_stm32l0.a(systick.o)
 .debug_rnglists
                0x00000211       0x19 ../libopencm3/lib/libopencm3_stm32l0.a(assert.o)
 .debug_rnglists
                0x0000022a       0x25 ../libopencm3/lib/libopencm3_stm32l0.a(flash_common_all.o)
 .debug_rnglists
                0x0000024f       0x13 ../libopencm3/lib/libopencm3_stm32l0.a(pwr_common_v2.o)

.debug_macro    0x00000000     0x3f55
 .debug_macro   0x00000000      0x1dc main.o
 .debug_macro   0x000001dc      0xacc main.o
 .debug_macro   0x00000ca8       0x1c main.o
 .debug_macro   0x00000cc4       0x22 main.o
 .debug_macro   0x00000ce6       0x8e main.o
 .debug_macro   0x00000d74       0x51 main.o
 .debug_macro   0x00000dc5      0x103 main.o
 .debug_macro   0x00000ec8       0x6a main.o
 .debug_macro   0x00000f32      0x1df main.o
 .debug_macro   0x00001111       0x10 main.o
 .debug_macro   0x00001121       0xe8 main.o
 .debug_macro   0x00001209       0x52 main.o
 .debug_macro   0x0000125b      0x166 main.o
 .debug_macro   0x000013c1       0x8e main.o
 .debug_macro   0x0000144f       0x58 main.o
 .debug_macro   0x000014a7      0x903 main.o
 .debug_macro   0x00001daa      0x1a5 main.o
 .debug_macro   0x00001f4f       0x6d main.o
 .debug_macro   0x00001fbc       0x24 main.o
 .debug_macro   0x00001fe0       0x3c main.o
 .debug_macro   0x0000201c       0x34 main.o
 .debug_macro   0x00002050      0x364 main.o
 .debug_macro   0x000023b4       0x16 main.o
 .debug_macro   0x000023ca       0x4a main.o
 .debug_macro   0x00002414       0x34 main.o
 .debug_macro   0x00002448       0x10 main.o
 .debug_macro   0x00002458       0x58 main.o
 .debug_macro   0x000024b0      0x1e5 main.o
 .debug_macro   0x00002695       0x10 main.o
 .debug_macro   0x000026a5       0x3c main.o
 .debug_macro   0x000026e1       0x28 main.o
 .debug_macro   0x00002709       0xc0 zeroRTOS.o
 .debug_macro   0x000027c9       0x69 zeroRTOS.o
 .debug_macro   0x00002832      0x15a zeroRTOS_tasks.o
 .debug_macro   0x0000298c       0x92 zeroRTOS_memory.o
 .debug_macro   0x00002a1e      0x113 ../libopencm3/lib/libopencm3_stm32l0.a(rcc.o)
 .debug_macro   0x00002b31      0xab4 ../libopencm3/lib/libopencm3_stm32l0.a(rcc.o)
 .debug_macro   0x000035e5       0x56 ../libopencm3/lib/libopencm3_stm32l0.a(rcc.o)
 .debug_macro   0x0000363b       0x22 ../libopencm3/lib/libopencm3_stm32l0.a(rcc.o)
 .debug_macro   0x0000365d       0x16 ../libopencm3/lib/libopencm3_stm32l0.a(rcc.o)
 .debug_macro   0x00003673      0x166 ../libopencm3/lib/libopencm3_stm32l0.a(rcc.o)
 .debug_macro   0x000037d9       0x46 ../libopencm3/lib/libopencm3_stm32l0.a(rcc.o)
 .debug_macro   0x0000381f       0xfa ../libopencm3/lib/libopencm3_stm32l0.a(rcc_common_all.o)
 .debug_macro   0x00003919       0xcf ../libopencm3/lib/libopencm3_stm32l0.a(vector.o)
 .debug_macro   0x000039e8      0x19f ../libopencm3/lib/libopencm3_stm32l0.a(vector.o)
 .debug_macro   0x00003b87       0x49 ../libopencm3/lib/libopencm3_stm32l0.a(vector.o)
 .debug_macro   0x00003bd0       0xca ../libopencm3/lib/libopencm3_stm32l0.a(vector.o)
 .debug_macro   0x00003c9a       0x92 ../libopencm3/lib/libopencm3_stm32l0.a(systick.o)
 .debug_macro   0x00003d2c       0x89 ../libopencm3/lib/libopencm3_stm32l0.a(assert.o)
 .debug_macro   0x00003db5       0xbc ../libopencm3/lib/libopencm3_stm32l0.a(flash_common_all.o)
 .debug_macro   0x00003e71       0xe4 ../libopencm3/lib/libopencm3_stm32l0.a(pwr_common_v2.o)

.debug_line     0x00000000     0x29d4
 .debug_line    0x00000000      0x3b4 main.o
 .debug_line    0x000003b4      0x21c zeroRTOS.o
 .debug_line    0x000005d0      0x2e4 zeroRTOS_tasks.o
 .debug_line    0x000008b4      0x1f4 zeroRTOS_memory.o
 .debug_line    0x00000aa8       0xe2 /usr/lib/gcc/arm-none-eabi/15.2.0/../../../../arm-none-eabi/lib/thumb/v6-m/nofp/libc.a(libc_a-strcpy.o)
 .debug_line    0x00000b8a      0xb25 ../libopencm3/lib/libopencm3_stm32l0.a(rcc.o)
 .debug_line    0x000016af      0x459 ../libopencm3/lib/libopencm3_stm32l0.a(rcc_common_all.o)
 .debug_line    0x00001b08      0x347 ../libopencm3/lib/libopencm3_stm32l0.a(vector.o)
 .debug_line    0x00001e4f      0x367 ../libopencm3/lib/libopencm3_stm32l0.a(systick.o)
 .debug_line    0x000021b6      0x199 ../libopencm3/lib/libopencm3_stm32l0.a(assert.o)
 .debug_line    0x0000234f      0x2e2 ../libopencm3/lib/libopencm3_stm32l0.a(flash_common_all.o)
 .debug_line    0x00002631      0x2b1 ../libopencm3/lib/libopencm3_stm32l0.a(pwr_common_v2.o)
 .debug_line    0x000028e2       0x52 /usr/lib/gcc/arm-none-eabi/15.2.0/thumb/v6-m/nofp/libgcc.a(_thumb1_case_uqi.o)
 .debug_line    0x00002934       0x56 /usr/lib/gcc/arm-none-eabi/15.2.0/thumb/v6-m/nofp/libgcc.a(_udivsi3.o)
 .debug_line    0x0000298a       0x4a /usr/lib/gcc/arm-none-eabi/15.2.0/thumb/v6-m/nofp/libgcc.a(_dvmd_tls.o)

.debug_str      0x00000000     0xd3c3
 .debug_str     0x00000000     0xd3c3 main.o
                               0xa75d (size before relaxing)
 .debug_str     0x0000d3c3        0x0 zeroRTOS.o
                               0x4997 (size before relaxing)
 .debug_str     0x0000d3c3        0x0 zeroRTOS_tasks.o
                               0x6dc6 (size before relaxing)
 .debug_str     0x0000d3c3        0x0 zeroRTOS_memory.o
                               0x41ab (size before relaxing)
 .debug_str     0x0000d3c3        0x0 /usr/lib/gcc/arm-none-eabi/15.2.0/../../../../arm-none-eabi/lib/thumb/v6-m/nofp/libc.a(libc_a-strcpy.o)
                                0x1d8 (size before relaxing)
 .debug_str     0x0000d3c3        0x0 ../libopencm3/lib/libopencm3_stm32l0.a(rcc.o)
                               0x8706 (size before relaxing)
 .debug_str     0x0000d3c3        0x0 ../libopencm3/lib/libopencm3_stm32l0.a(rcc_common_all.o)
                               0x7b8d (size before relaxing)
 .debug_str     0x0000d3c3        0x0 ../libopencm3/lib/libopencm3_stm32l0.a(vector.o)
                               0x5448 (size before relaxing)
 .debug_str     0x0000d3c3        0x0 ../libopencm3/lib/libopencm3_stm32l0.a(systick.o)
                               0x454b (size before relaxing)
 .debug_str     0x0000d3c3        0x0 ../libopencm3/lib/libopencm3_stm32l0.a(assert.o)
                               0x4168 (size before relaxing)
 .debug_str     0x0000d3c3        0x0 ../libopencm3/lib/libopencm3_stm32l0.a(flash_common_all.o)
                               0x548e (size before relaxing)
 .debug_str     0x0000d3c3        0x0 ../libopencm3/lib/libopencm3_stm32l0.a(pwr_common_v2.o)
                               0x755e (size before relaxing)
 .debug_str     0x0000d3c3        0x0 /usr/lib/gcc/arm-none-eabi/15.2.0/thumb/v6-m/nofp/libgcc.a(_thumb1_case_uqi.o)
                                 0xe8 (size before relaxing)
 .debug_str     0x0000d3c3        0x0 /usr/lib/gcc/arm-none-eabi/15.2.0/thumb/v6-m/nofp/libgcc.a(_udivsi3.o)
                                 0xed (size before relaxing)
 .debug_str     0x0000d3c3        0x0 /usr/lib/gcc/arm-none-eabi/15.2.0/thumb/v6-m/nofp/libgcc.a(_dvmd_tls.o)
                                 0xee (size before relaxing)

.comment        0x00000000       0x46
 .comment       0x00000000       0x46 main.o
                                 0x24 (size before relaxing)
 .comment       0x00000046        0x0 zeroRTOS.o
                                 0x24 (size before relaxing)
 .comment       0x00000046        0x0 zeroRTOS_tasks.o
                                 0x24 (size before relaxing)
 .comment       0x00000046        0x0 zeroRTOS_memory.o
                                 0x24 (size before relaxing)
 .comment       0x00000046        0x0 /usr/lib/gcc/arm-none-eabi/15.2.0/../../../../arm-none-eabi/lib/thumb/v6-m/nofp/libc.a(libc_a-strcpy.o)
                                 0x24 (size before relaxing)
 .comment       0x00000046        0x0 ../libopencm3/lib/libopencm3_stm32l0.a(rcc.o)
                                 0x24 (size before relaxing)
 .comment       0x00000046        0x0 ../libopencm3/lib/libopencm3_stm32l0.a(rcc_common_all.o)
                                 0x24 (size before relaxing)
 .comment       0x00000046        0x0 ../libopencm3/lib/libopencm3_stm32l0.a(vector.o)
                                 0x24 (size before relaxing)
 .comment       0x00000046        0x0 ../libopencm3/lib/libopencm3_stm32l0.a(systick.o)
                                 0x24 (size before relaxing)
 .comment       0x00000046        0x0 ../libopencm3/lib/libopencm3_stm32l0.a(assert.o)
                                 0x24 (size before relaxing)
 .comment       0x00000046        0x0 ../libopencm3/lib/libopencm3_stm32l0.a(flash_common_all.o)
                                 0x24 (size before relaxing)
 .comment       0x00000046        0x0 ../libopencm3/lib/libopencm3_stm32l0.a(pwr_common_v2.o)
                                 0x24 (size before relaxing)

.ARM.attributes
                0x00000000       0x2c
 .ARM.attributes
                0x00000000       0x2c main.o
 .ARM.attributes
                0x0000002c       0x2c zeroRTOS.o
 .ARM.attributes
                0x00000058       0x2c zeroRTOS_tasks.o
 .ARM.attributes
                0x00000084       0x2c zeroRTOS_memory.o
 .ARM.attributes
                0x000000b0       0x2c /usr/lib/gcc/arm-none-eabi/15.2.0/../../../../arm-none-eabi/lib/thumb/v6-m/nofp/libc.a(libc_a-strcpy.o)
 .ARM.attributes
                0x000000dc       0x2c ../libopencm3/lib/libopencm3_stm32l0.a(rcc.o)
 .ARM.attributes
                0x00000108       0x2c ../libopencm3/lib/libopencm3_stm32l0.a(rcc_common_all.o)
 .ARM.attributes
                0x00000134       0x2c ../libopencm3/lib/libopencm3_stm32l0.a(vector.o)
 .ARM.attributes
                0x00000160       0x2c ../libopencm3/lib/libopencm3_stm32l0.a(systick.o)
 .ARM.attributes
                0x0000018c       0x2c ../libopencm3/lib/libopencm3_stm32l0.a(assert.o)
 .ARM.attributes
                0x000001b8       0x2c ../libopencm3/lib/libopencm3_stm32l0.a(flash_common_all.o)
 .ARM.attributes
                0x000001e4       0x2c ../libopencm3/lib/libopencm3_stm32l0.a(pwr_common_v2.o)
 .ARM.attributes
                0x00000210       0x1e /usr/lib/gcc/arm-none-eabi/15.2.0/thumb/v6-m/nofp/libgcc.a(_thumb1_case_uqi.o)
 .ARM.attributes
                0x0000022e       0x1e /usr/lib/gcc/arm-none-eabi/15.2.0/thumb/v6-m/nofp/libgcc.a(_udivsi3.o)
 .ARM.attributes
                0x0000024c       0x1e /usr/lib/gcc/arm-none-eabi/15.2.0/thumb/v6-m/nofp/libgcc.a(_dvmd_tls.o)

.debug_frame    0x00000000      0x688
 .debug_frame   0x00000000       0x50 main.o
 .debug_frame   0x00000050       0x5c zeroRTOS.o
 .debug_frame   0x000000ac       0x60 zeroRTOS_tasks.o
 .debug_frame   0x0000010c       0x30 zeroRTOS_memory.o
 .debug_frame   0x0000013c       0x20 /usr/lib/gcc/arm-none-eabi/15.2.0/../../../../arm-none-eabi/lib/thumb/v6-m/nofp/libc.a(libc_a-strcpy.o)
 .debug_frame   0x0000015c      0x254 ../libopencm3/lib/libopencm3_stm32l0.a(rcc.o)
 .debug_frame   0x000003b0       0xf0 ../libopencm3/lib/libopencm3_stm32l0.a(rcc_common_all.o)
 .debug_frame   0x000004a0       0x48 ../libopencm3/lib/libopencm3_stm32l0.a(vector.o)
 .debug_frame   0x000004e8       0xd8 ../libopencm3/lib/libopencm3_stm32l0.a(systick.o)
 .debug_frame   0x000005c0       0x38 ../libopencm3/lib/libopencm3_stm32l0.a(assert.o)
 .debug_frame   0x000005f8       0x50 ../libopencm3/lib/libopencm3_stm32l0.a(flash_common_all.o)
 .debug_frame   0x00000648       0x20 ../libopencm3/lib/libopencm3_stm32l0.a(pwr_common_v2.o)
 .debug_frame   0x00000668       0x20 /usr/lib/gcc/arm-none-eabi/15.2.0/thumb/v6-m/nofp/libgcc.a(_udivsi3.o)

.debug_loclists
                0x00000000      0x983
 .debug_loclists
                0x00000000       0xb7 zeroRTOS_tasks.o
 .debug_loclists
                0x000000b7       0x82 zeroRTOS_memory.o
 .debug_loclists
                0x00000139       0x29 /usr/lib/gcc/arm-none-eabi/15.2.0/../../../../arm-none-eabi/lib/thumb/v6-m/nofp/libc.a(libc_a-strcpy.o)
 .debug_loclists
                0x00000162      0x56e ../libopencm3/lib/libopencm3_stm32l0.a(rcc.o)
 .debug_loclists
                0x000006d0       0xb4 ../libopencm3/lib/libopencm3_stm32l0.a(rcc_common_all.o)
 .debug_loclists
                0x00000784       0xa1 ../libopencm3/lib/libopencm3_stm32l0.a(vector.o)
 .debug_loclists
                0x00000825       0x8e ../libopencm3/lib/libopencm3_stm32l0.a(systick.o)
 .debug_loclists
                0x000008b3       0x80 ../libopencm3/lib/libopencm3_stm32l0.a(assert.o)
 .debug_loclists
                0x00000933       0x1c ../libopencm3/lib/libopencm3_stm32l0.a(flash_common_all.o)
 .debug_loclists
                0x0000094f       0x34 ../libopencm3/lib/libopencm3_stm32l0.a(pwr_common_v2.o)

.debug_line_str
                0x00000000       0xc6
 .debug_line_str
                0x00000000       0xc6 /usr/lib/gcc/arm-none-eabi/15.2.0/thumb/v6-m/nofp/libgcc.a(_thumb1_case_uqi.o)
 .debug_line_str
                0x000000c6        0x0 /usr/lib/gcc/arm-none-eabi/15.2.0/thumb/v6-m/nofp/libgcc.a(_udivsi3.o)
                                 0xc6 (size before relaxing)
 .debug_line_str
                0x000000c6        0x0 /usr/lib/gcc/arm-none-eabi/15.2.0/thumb/v6-m/nofp/libgcc.a(_dvmd_tls.o)
                                 0xc6 (size before relaxing)
